bkcrack 1.8.1 - 2025-10-25
[21:04:21] Z reduction using 3 bytes of known plaintext
0.0 % (0 / 3)[1K
100.0 % (3 / 3)
[21:04:22] Attack on 1754779 Z values at index 6
0.0 % (61 / 1754779)[1K
0.0 % (345 / 1754779)[1K
0.0 % (659 / 1754779)[1K
0.1 % (965 / 1754779)[1K
0.1 % (1311 / 1754779)[1K
0.1 % (1590 / 1754779)[1K
0.1 % (1894 / 1754779)[1K
0.1 % (2153 / 1754779)[1K
0.1 % (2489 / 1754779)[1K
0.2 % (2804 / 1754779)[1K
0.2 % (3070 / 1754779)[1K
0.2 % (3394 / 1754779)[1K
0.2 % (3664 / 1754779)[1K
0.2 % (3978 / 1754779)[1K
0.2 % (4239 / 1754779)[1K
0.3 % (4446 / 1754779)[1K
0.3 % (4725 / 1754779)[1K
0.3 % (5041 / 1754779)[1K
0.3 % (5302 / 1754779)[1K
0.3 % (5522 / 1754779)[1K
0.3 % (5770 / 1754779)[1K
0.3 % (5975 / 1754779)[1K
0.4 % (6290 / 1754779)[1K
0.4 % (6564 / 1754779)[1K
0.4 % (6890 / 1754779)[1K
0.4 % (7186 / 1754779)[1K
0.4 % (7405 / 1754779)[1K
0.4 % (7777 / 1754779)[1K
0.5 % (8107 / 1754779)[1K
0.5 % (8349 / 1754779)[1K
0.5 % (8646 / 1754779)[1K
0.5 % (8906 / 1754779)[1K
0.5 % (9138 / 1754779)[1K
0.5 % (9451 / 1754779)[1K
0.6 % (9722 / 1754779)[1K
0.6 % (10066 / 1754779)[1K
0.6 % (10460 / 1754779)[1K
0.6 % (10782 / 1754779)[1K
0.6 % (11089 / 1754779)[1K
0.7 % (11423 / 1754779)[1K
0.7 % (11755 / 1754779)[1K
0.7 % (12007 / 1754779)[1K
0.7 % (12375 / 1754779)[1K
0.7 % (12624 / 1754779)[1K
0.7 % (12880 / 1754779)[1K
0.7 % (13136 / 1754779)[1K
0.8 % (13473 / 1754779)[1K
0.8 % (13756 / 1754779)[1K
0.8 % (14091 / 1754779)[1K
0.8 % (14338 / 1754779)[1K
0.8 % (14604 / 1754779)[1K
0.8 % (14847 / 1754779)[1K
0.9 % (15166 / 1754779)[1K
0.9 % (15491 / 1754779)[1K
0.9 % (15750 / 1754779)[1K
0.9 % (15984 / 1754779)[1K
0.9 % (16398 / 1754779)[1K
1.0 % (16699 / 1754779)[1K
1.0 % (16966 / 1754779)[1K
1.0 % (17224 / 1754779)[1K
1.0 % (17526 / 1754779)[1K
1.0 % (17888 / 1754779)[1K
1.0 % (18130 / 1754779)[1K
1.1 % (18532 / 1754779)[1K
1.1 % (18796 / 1754779)[1K
1.1 % (19003 / 1754779)[1K
1.1 % (19296 / 1754779)[1K
1.1 % (19629 / 1754779)[1K
1.1 % (19949 / 1754779)[1K
1.2 % (20249 / 1754779)[1K
1.2 % (20571 / 1754779)[1K
1.2 % (20831 / 1754779)[1K
1.2 % (21105 / 1754779)[1K
1.2 % (21451 / 1754779)[1K
1.2 % (21730 / 1754779)[1K
1.3 % (21981 / 1754779)[1K
1.3 % (22318 / 1754779)[1K
1.3 % (22617 / 1754779)[1K
1.3 % (22889 / 1754779)[1K
1.3 % (23191 / 1754779)[1K
1.3 % (23532 / 1754779)[1K
1.4 % (23874 / 1754779)[1K
1.4 % (24164 / 1754779)[1K
1.4 % (24452 / 1754779)[1K
1.4 % (24684 / 1754779)[1K
1.4 % (24916 / 1754779)[1K
1.4 % (25108 / 1754779)[1K
1.4 % (25289 / 1754779)[1K
1.5 % (25451 / 1754779)[1K
1.5 % (25605 / 1754779)[1K
1.5 % (25835 / 1754779)[1K
1.5 % (26061 / 1754779)[1K
1.5 % (26270 / 1754779)[1K
1.5 % (26433 / 1754779)[1K
1.5 % (26524 / 1754779)[1K
1.5 % (26694 / 1754779)[1K
1.5 % (26862 / 1754779)[1K
1.5 % (27056 / 1754779)[1K
1.5 % (27198 / 1754779)[1K
1.6 % (27321 / 1754779)[1K
1.6 % (27502 / 1754779)[1K
1.6 % (27730 / 1754779)[1K
1.6 % (27961 / 1754779)[1K
1.6 % (28094 / 1754779)[1K
1.6 % (28278 / 1754779)[1K
1.6 % (28406 / 1754779)[1K
1.6 % (28634 / 1754779)[1K
1.6 % (28812 / 1754779)[1K
1.7 % (29000 / 1754779)[1K
1.7 % (29188 / 1754779)[1K
1.7 % (29338 / 1754779)[1K
1.7 % (29542 / 1754779)[1K
1.7 % (29736 / 1754779)[1K
1.7 % (29949 / 1754779)[1K
1.7 % (30182 / 1754779)[1K
1.7 % (30374 / 1754779)[1K
1.7 % (30575 / 1754779)[1K
1.8 % (30756 / 1754779)[1K
1.8 % (30936 / 1754779)[1K
1.8 % (31190 / 1754779)[1K
1.8 % (31431 / 1754779)[1K
1.8 % (31654 / 1754779)[1K
1.8 % (31837 / 1754779)[1K
1.8 % (32034 / 1754779)[1K
1.8 % (32240 / 1754779)[1K
1.8 % (32394 / 1754779)[1K
1.9 % (32681 / 1754779)[1K
1.9 % (32818 / 1754779)[1K
1.9 % (32956 / 1754779)[1K
1.9 % (33236 / 1754779)[1K
1.9 % (33451 / 1754779)[1K
1.9 % (33648 / 1754779)[1K
1.9 % (33796 / 1754779)[1K
1.9 % (34001 / 1754779)[1K
2.0 % (34230 / 1754779)[1K
2.0 % (34432 / 1754779)[1K
2.0 % (34629 / 1754779)[1K
2.0 % (34825 / 1754779)[1K
2.0 % (34971 / 1754779)[1K
2.0 % (35278 / 1754779)[1K
2.0 % (35485 / 1754779)[1K
2.0 % (35628 / 1754779)[1K
2.0 % (35864 / 1754779)[1K
2.1 % (36100 / 1754779)[1K
2.1 % (36234 / 1754779)[1K
2.1 % (36506 / 1754779)[1K
2.1 % (36730 / 1754779)[1K
2.1 % (36918 / 1754779)[1K
2.1 % (37132 / 1754779)[1K
2.1 % (37285 / 1754779)[1K
2.1 % (37480 / 1754779)[1K
2.1 % (37701 / 1754779)[1K
2.2 % (37806 / 1754779)[1K
2.2 % (38087 / 1754779)[1K
2.2 % (38361 / 1754779)[1K
2.2 % (38537 / 1754779)[1K
2.2 % (38736 / 1754779)[1K
2.2 % (39007 / 1754779)[1K
2.2 % (39214 / 1754779)[1K
2.2 % (39420 / 1754779)[1K
2.3 % (39602 / 1754779)[1K
2.3 % (39789 / 1754779)[1K
2.3 % (39969 / 1754779)[1K
2.3 % (40186 / 1754779)[1K
2.3 % (40409 / 1754779)[1K
2.3 % (40656 / 1754779)[1K
2.3 % (40823 / 1754779)[1K
2.3 % (41060 / 1754779)[1K
2.4 % (41273 / 1754779)[1K
2.4 % (41547 / 1754779)[1K
2.4 % (41713 / 1754779)[1K
2.4 % (41896 / 1754779)[1K
2.4 % (42031 / 1754779)[1K
2.4 % (42203 / 1754779)[1K
2.4 % (42408 / 1754779)[1K
2.4 % (42670 / 1754779)[1K
2.4 % (42865 / 1754779)[1K
2.5 % (43074 / 1754779)[1K
2.5 % (43272 / 1754779)[1K
2.5 % (43530 / 1754779)[1K
2.5 % (43726 / 1754779)[1K
2.5 % (44013 / 1754779)[1K
2.5 % (44238 / 1754779)[1K
2.5 % (44490 / 1754779)[1K
2.6 % (44749 / 1754779)[1K
2.6 % (44925 / 1754779)[1K
2.6 % (45094 / 1754779)[1K
2.6 % (45306 / 1754779)[1K
2.6 % (45531 / 1754779)[1K
2.6 % (45725 / 1754779)[1K
2.6 % (45996 / 1754779)[1K
2.6 % (46226 / 1754779)[1K
2.6 % (46447 / 1754779)[1K
2.7 % (46644 / 1754779)[1K
2.7 % (46875 / 1754779)[1K
2.7 % (47109 / 1754779)[1K
2.7 % (47326 / 1754779)[1K
2.7 % (47491 / 1754779)[1K
2.7 % (47710 / 1754779)[1K
2.7 % (47978 / 1754779)[1K
2.7 % (48201 / 1754779)[1K
2.8 % (48414 / 1754779)[1K
2.8 % (48588 / 1754779)[1K
2.8 % (48757 / 1754779)[1K
2.8 % (48976 / 1754779)[1K
2.8 % (49131 / 1754779)[1K
2.8 % (49416 / 1754779)[1K
2.8 % (49604 / 1754779)[1K
2.8 % (49793 / 1754779)[1K
2.9 % (50065 / 1754779)[1K
2.9 % (50299 / 1754779)[1K
2.9 % (50579 / 1754779)[1K
2.9 % (50754 / 1754779)[1K
2.9 % (50982 / 1754779)[1K
2.9 % (51166 / 1754779)[1K
2.9 % (51322 / 1754779)[1K
2.9 % (51481 / 1754779)[1K
2.9 % (51695 / 1754779)[1K
3.0 % (51854 / 1754779)[1K
3.0 % (52034 / 1754779)[1K
3.0 % (52170 / 1754779)[1K
3.0 % (52416 / 1754779)[1K
3.0 % (52639 / 1754779)[1K
3.0 % (52885 / 1754779)[1K
3.0 % (53149 / 1754779)[1K
3.0 % (53401 / 1754779)[1K
3.1 % (53568 / 1754779)[1K
3.1 % (53849 / 1754779)[1K
3.1 % (54075 / 1754779)[1K
3.1 % (54248 / 1754779)[1K
3.1 % (54465 / 1754779)[1K
3.1 % (54691 / 1754779)[1K
3.1 % (54919 / 1754779)[1K
3.1 % (55127 / 1754779)[1K
3.2 % (55337 / 1754779)[1K
3.2 % (55546 / 1754779)[1K
3.2 % (55754 / 1754779)[1K
3.2 % (56026 / 1754779)[1K
3.2 % (56226 / 1754779)[1K
3.2 % (56371 / 1754779)[1K
3.2 % (56645 / 1754779)[1K
3.2 % (56848 / 1754779)[1K
3.3 % (57062 / 1754779)[1K
3.3 % (57257 / 1754779)[1K
3.3 % (57433 / 1754779)[1K
3.3 % (57700 / 1754779)[1K
3.3 % (57849 / 1754779)[1K
3.3 % (58042 / 1754779)[1K
3.3 % (58272 / 1754779)[1K
3.3 % (58513 / 1754779)[1K
3.4 % (58787 / 1754779)[1K
3.4 % (58926 / 1754779)[1K
3.4 % (59069 / 1754779)[1K
3.4 % (59300 / 1754779)[1K
3.4 % (59512 / 1754779)[1K
3.4 % (59662 / 1754779)[1K
3.4 % (59878 / 1754779)[1K
3.4 % (60148 / 1754779)[1K
3.4 % (60360 / 1754779)[1K
3.5 % (60590 / 1754779)[1K
3.5 % (60798 / 1754779)[1K
3.5 % (61034 / 1754779)[1K
3.5 % (61231 / 1754779)[1K
3.5 % (61440 / 1754779)[1K
3.5 % (61640 / 1754779)[1K
3.5 % (61723 / 1754779)[1K
3.5 % (61924 / 1754779)[1K
3.5 % (62136 / 1754779)[1K
3.6 % (62386 / 1754779)[1K
3.6 % (62550 / 1754779)[1K
3.6 % (62742 / 1754779)[1K
3.6 % (62961 / 1754779)[1K
3.6 % (63198 / 1754779)[1K
3.6 % (63389 / 1754779)[1K
3.6 % (63585 / 1754779)[1K
3.6 % (63781 / 1754779)[1K
3.6 % (64011 / 1754779)[1K
3.7 % (64181 / 1754779)[1K
3.7 % (64410 / 1754779)[1K
3.7 % (64669 / 1754779)[1K
3.7 % (64881 / 1754779)[1K
3.7 % (65087 / 1754779)[1K
3.7 % (65276 / 1754779)[1K
3.7 % (65432 / 1754779)[1K
3.7 % (65572 / 1754779)[1K
3.7 % (65768 / 1754779)[1K
3.8 % (65941 / 1754779)[1K
3.8 % (66206 / 1754779)[1K
3.8 % (66392 / 1754779)[1K
3.8 % (66561 / 1754779)[1K
3.8 % (66814 / 1754779)[1K
3.8 % (67045 / 1754779)[1K
3.8 % (67245 / 1754779)[1K
3.8 % (67501 / 1754779)[1K
3.9 % (67718 / 1754779)[1K
3.9 % (67883 / 1754779)[1K
3.9 % (68094 / 1754779)[1K
3.9 % (68267 / 1754779)[1K
3.9 % (68480 / 1754779)[1K
3.9 % (68644 / 1754779)[1K
3.9 % (68817 / 1754779)[1K
3.9 % (69030 / 1754779)[1K
3.9 % (69275 / 1754779)[1K
4.0 % (69495 / 1754779)[1K
4.0 % (69688 / 1754779)[1K
4.0 % (69914 / 1754779)[1K
4.0 % (70088 / 1754779)[1K
4.0 % (70259 / 1754779)[1K
4.0 % (70536 / 1754779)[1K
4.0 % (70714 / 1754779)[1K
4.0 % (70940 / 1754779)[1K
4.1 % (71126 / 1754779)[1K
4.1 % (71396 / 1754779)[1K
4.1 % (71515 / 1754779)[1K
4.1 % (71738 / 1754779)[1K
4.1 % (71988 / 1754779)[1K
4.1 % (72194 / 1754779)[1K
4.1 % (72409 / 1754779)[1K
4.1 % (72632 / 1754779)[1K
4.1 % (72822 / 1754779)[1K
4.2 % (73119 / 1754779)[1K
4.2 % (73348 / 1754779)[1K
4.2 % (73554 / 1754779)[1K
4.2 % (73771 / 1754779)[1K
4.2 % (73999 / 1754779)[1K
4.2 % (74175 / 1754779)[1K
4.2 % (74430 / 1754779)[1K
4.3 % (74667 / 1754779)[1K
4.3 % (74889 / 1754779)[1K
4.3 % (75096 / 1754779)[1K
4.3 % (75361 / 1754779)[1K
4.3 % (75558 / 1754779)[1K
4.3 % (75785 / 1754779)[1K
4.3 % (75991 / 1754779)[1K
4.3 % (76208 / 1754779)[1K
4.4 % (76385 / 1754779)[1K
4.4 % (76678 / 1754779)[1K
4.4 % (76879 / 1754779)[1K
4.4 % (77103 / 1754779)[1K
4.4 % (77322 / 1754779)[1K
4.4 % (77493 / 1754779)[1K
4.4 % (77684 / 1754779)[1K
4.4 % (77836 / 1754779)[1K
4.4 % (78023 / 1754779)[1K
4.5 % (78246 / 1754779)[1K
4.5 % (78456 / 1754779)[1K
4.5 % (78617 / 1754779)[1K
4.5 % (78824 / 1754779)[1K
4.5 % (79032 / 1754779)[1K
4.5 % (79184 / 1754779)[1K
4.5 % (79388 / 1754779)[1K
4.5 % (79582 / 1754779)[1K
4.5 % (79838 / 1754779)[1K
4.6 % (80076 / 1754779)[1K
4.6 % (80307 / 1754779)[1K
4.6 % (80534 / 1754779)[1K
4.6 % (80776 / 1754779)[1K
4.6 % (80983 / 1754779)[1K
4.6 % (81201 / 1754779)[1K
4.6 % (81442 / 1754779)[1K
4.7 % (81619 / 1754779)[1K
4.7 % (81862 / 1754779)[1K
4.7 % (82034 / 1754779)[1K
4.7 % (82195 / 1754779)[1K
4.7 % (82459 / 1754779)[1K
4.7 % (82651 / 1754779)[1K
4.7 % (82827 / 1754779)[1K
4.7 % (83041 / 1754779)[1K
4.7 % (83304 / 1754779)[1K
4.8 % (83483 / 1754779)[1K
4.8 % (83720 / 1754779)[1K
4.8 % (83982 / 1754779)[1K
4.8 % (84223 / 1754779)[1K
4.8 % (84430 / 1754779)[1K
4.8 % (84613 / 1754779)[1K
4.8 % (84793 / 1754779)[1K
4.8 % (85001 / 1754779)[1K
4.9 % (85160 / 1754779)[1K
4.9 % (85466 / 1754779)[1K
4.9 % (85708 / 1754779)[1K
4.9 % (85967 / 1754779)[1K
4.9 % (86193 / 1754779)[1K
4.9 % (86417 / 1754779)[1K
4.9 % (86582 / 1754779)[1K
4.9 % (86850 / 1754779)[1K
5.0 % (87108 / 1754779)[1K
5.0 % (87334 / 1754779)[1K
5.0 % (87565 / 1754779)[1K
5.0 % (87746 / 1754779)[1K
5.0 % (87971 / 1754779)[1K
5.0 % (88165 / 1754779)[1K
5.0 % (88357 / 1754779)[1K
5.0 % (88587 / 1754779)[1K
5.1 % (88853 / 1754779)[1K
5.1 % (89081 / 1754779)[1K
5.1 % (89323 / 1754779)[1K
5.1 % (89507 / 1754779)[1K
5.1 % (89719 / 1754779)[1K
5.1 % (89980 / 1754779)[1K
5.1 % (90203 / 1754779)[1K
5.2 % (90470 / 1754779)[1K
5.2 % (90716 / 1754779)[1K
5.2 % (90903 / 1754779)[1K
5.2 % (91131 / 1754779)[1K
5.2 % (91356 / 1754779)[1K
5.2 % (91532 / 1754779)[1K
5.2 % (91727 / 1754779)[1K
5.2 % (91973 / 1754779)[1K
5.3 % (92154 / 1754779)[1K
5.3 % (92315 / 1754779)[1K
5.3 % (92488 / 1754779)[1K
5.3 % (92653 / 1754779)[1K
5.3 % (92885 / 1754779)[1K
5.3 % (93129 / 1754779)[1K
5.3 % (93349 / 1754779)[1K
5.3 % (93582 / 1754779)[1K
5.3 % (93765 / 1754779)[1K
5.4 % (93928 / 1754779)[1K
5.4 % (94160 / 1754779)[1K
5.4 % (94357 / 1754779)[1K
5.4 % (94608 / 1754779)[1K
5.4 % (94808 / 1754779)[1K
5.4 % (94965 / 1754779)[1K
5.4 % (95111 / 1754779)[1K
5.4 % (95320 / 1754779)[1K
5.4 % (95493 / 1754779)[1K
5.5 % (95736 / 1754779)[1K
5.5 % (95954 / 1754779)[1K
5.5 % (96109 / 1754779)[1K
5.5 % (96280 / 1754779)[1K
5.5 % (96574 / 1754779)[1K
5.5 % (96714 / 1754779)[1K
5.5 % (96948 / 1754779)[1K
5.5 % (97132 / 1754779)[1K
5.5 % (97342 / 1754779)[1K
5.6 % (97523 / 1754779)[1K
5.6 % (97733 / 1754779)[1K
5.6 % (97998 / 1754779)[1K
5.6 % (98156 / 1754779)[1K
5.6 % (98349 / 1754779)[1K
5.6 % (98440 / 1754779)[1K
5.6 % (98684 / 1754779)[1K
5.6 % (98845 / 1754779)[1K
5.6 % (99026 / 1754779)[1K
5.7 % (99176 / 1754779)[1K
5.7 % (99318 / 1754779)[1K
5.7 % (99480 / 1754779)[1K
5.7 % (99679 / 1754779)[1K
5.7 % (99853 / 1754779)[1K
5.7 % (100106 / 1754779)[1K
5.7 % (100239 / 1754779)[1K
5.7 % (100431 / 1754779)[1K
5.7 % (100623 / 1754779)[1K
5.7 % (100879 / 1754779)[1K
5.8 % (101119 / 1754779)[1K
5.8 % (101285 / 1754779)[1K
5.8 % (101487 / 1754779)[1K
5.8 % (101668 / 1754779)[1K
5.8 % (101875 / 1754779)[1K
5.8 % (102128 / 1754779)[1K
5.8 % (102362 / 1754779)[1K
5.8 % (102568 / 1754779)[1K
5.9 % (102830 / 1754779)[1K
5.9 % (102975 / 1754779)[1K
5.9 % (103161 / 1754779)[1K
5.9 % (103398 / 1754779)[1K
5.9 % (103638 / 1754779)[1K
5.9 % (103877 / 1754779)[1K
5.9 % (104074 / 1754779)[1K
5.9 % (104323 / 1754779)[1K
6.0 % (104581 / 1754779)[1K
6.0 % (104777 / 1754779)[1K
6.0 % (104930 / 1754779)[1K
6.0 % (105132 / 1754779)[1K
6.0 % (105261 / 1754779)[1K
6.0 % (105459 / 1754779)[1K
6.0 % (105671 / 1754779)[1K
6.0 % (105821 / 1754779)[1K
6.0 % (106092 / 1754779)[1K
6.1 % (106329 / 1754779)[1K
6.1 % (106517 / 1754779)[1K
6.1 % (106713 / 1754779)[1K
6.1 % (106913 / 1754779)[1K
6.1 % (107130 / 1754779)[1K
6.1 % (107325 / 1754779)[1K
6.1 % (107561 / 1754779)[1K
6.1 % (107764 / 1754779)[1K
6.2 % (107929 / 1754779)[1K
6.2 % (108100 / 1754779)[1K
6.2 % (108325 / 1754779)[1K
6.2 % (108461 / 1754779)[1K
6.2 % (108664 / 1754779)[1K
6.2 % (108912 / 1754779)[1K
6.2 % (109040 / 1754779)[1K
6.2 % (109327 / 1754779)[1K
6.2 % (109487 / 1754779)[1K
6.2 % (109652 / 1754779)[1K
6.3 % (109880 / 1754779)[1K
6.3 % (110037 / 1754779)[1K
6.3 % (110253 / 1754779)[1K
6.3 % (110452 / 1754779)[1K
6.3 % (110627 / 1754779)[1K
6.3 % (110764 / 1754779)[1K
6.3 % (110937 / 1754779)[1K
6.3 % (111120 / 1754779)[1K
6.3 % (111303 / 1754779)[1K
6.4 % (111489 / 1754779)[1K
6.4 % (111765 / 1754779)[1K
6.4 % (112085 / 1754779)[1K
6.4 % (112283 / 1754779)[1K
6.4 % (112496 / 1754779)[1K
6.4 % (112796 / 1754779)[1K
6.4 % (113002 / 1754779)[1K
6.5 % (113267 / 1754779)[1K
6.5 % (113559 / 1754779)[1K
6.5 % (113871 / 1754779)[1K
6.5 % (114102 / 1754779)[1K
6.5 % (114422 / 1754779)[1K
6.5 % (114638 / 1754779)[1K
6.5 % (114870 / 1754779)[1K
6.6 % (115245 / 1754779)[1K
6.6 % (115547 / 1754779)[1K
6.6 % (115799 / 1754779)[1K
6.6 % (116125 / 1754779)[1K
6.6 % (116369 / 1754779)[1K
6.6 % (116650 / 1754779)[1K
6.7 % (116954 / 1754779)[1K
6.7 % (117258 / 1754779)[1K
6.7 % (117550 / 1754779)[1K
6.7 % (117860 / 1754779)[1K
6.7 % (118169 / 1754779)[1K
6.7 % (118427 / 1754779)[1K
6.8 % (118721 / 1754779)[1K
6.8 % (118962 / 1754779)[1K
6.8 % (119209 / 1754779)[1K
6.8 % (119445 / 1754779)[1K
6.8 % (119777 / 1754779)[1K
6.8 % (120064 / 1754779)[1K
6.9 % (120234 / 1754779)[1K
6.9 % (120514 / 1754779)[1K
6.9 % (120760 / 1754779)[1K
6.9 % (121051 / 1754779)[1K
6.9 % (121426 / 1754779)[1K
6.9 % (121719 / 1754779)[1K
7.0 % (122019 / 1754779)[1K
7.0 % (122278 / 1754779)[1K
7.0 % (122618 / 1754779)[1K
7.0 % (122936 / 1754779)[1K
7.0 % (123235 / 1754779)[1K
7.0 % (123489 / 1754779)[1K
7.1 % (123798 / 1754779)[1K
7.1 % (124088 / 1754779)[1K
7.1 % (124415 / 1754779)[1K
7.1 % (124846 / 1754779)[1K
7.1 % (125117 / 1754779)[1K
7.1 % (125359 / 1754779)[1K
7.2 % (125636 / 1754779)[1K
7.2 % (125887 / 1754779)[1K
7.2 % (126190 / 1754779)[1K
7.2 % (126449 / 1754779)[1K
7.2 % (126769 / 1754779)[1K
7.2 % (127101 / 1754779)[1K
7.3 % (127377 / 1754779)[1K
7.3 % (127754 / 1754779)[1K
7.3 % (128046 / 1754779)[1K
7.3 % (128317 / 1754779)[1K
7.3 % (128646 / 1754779)[1K
7.3 % (128918 / 1754779)[1K
7.4 % (129239 / 1754779)[1K
7.4 % (129472 / 1754779)[1K
7.4 % (129809 / 1754779)[1K
7.4 % (130112 / 1754779)[1K
7.4 % (130375 / 1754779)[1K
7.4 % (130630 / 1754779)[1K
7.5 % (130960 / 1754779)[1K
7.5 % (131157 / 1754779)[1K
7.5 % (131418 / 1754779)[1K
7.5 % (131672 / 1754779)[1K
7.5 % (131815 / 1754779)[1K
7.5 % (132169 / 1754779)[1K
7.5 % (132406 / 1754779)[1K
7.6 % (132653 / 1754779)[1K
7.6 % (132794 / 1754779)[1K
7.6 % (133106 / 1754779)[1K
7.6 % (133400 / 1754779)[1K
7.6 % (133712 / 1754779)[1K
7.6 % (133968 / 1754779)[1K
7.7 % (134309 / 1754779)[1K
7.7 % (134569 / 1754779)[1K
7.7 % (134871 / 1754779)[1K
7.7 % (135185 / 1754779)[1K
7.7 % (135420 / 1754779)[1K
7.7 % (135746 / 1754779)[1K
7.8 % (136165 / 1754779)[1K
7.8 % (136530 / 1754779)[1K
7.8 % (136744 / 1754779)[1K
7.8 % (137040 / 1754779)[1K
7.8 % (137300 / 1754779)[1K
7.8 % (137600 / 1754779)[1K
7.9 % (137856 / 1754779)[1K
7.9 % (138243 / 1754779)[1K
7.9 % (138557 / 1754779)[1K
7.9 % (138774 / 1754779)[1K
7.9 % (139040 / 1754779)[1K
7.9 % (139396 / 1754779)[1K
8.0 % (139689 / 1754779)[1K
8.0 % (139935 / 1754779)[1K
8.0 % (140144 / 1754779)[1K
8.0 % (140449 / 1754779)[1K
8.0 % (140681 / 1754779)[1K
8.0 % (140990 / 1754779)[1K
8.1 % (141269 / 1754779)[1K
8.1 % (141500 / 1754779)[1K
8.1 % (141831 / 1754779)[1K
8.1 % (142101 / 1754779)[1K
8.1 % (142409 / 1754779)[1K
8.1 % (142636 / 1754779)[1K
8.1 % (142925 / 1754779)[1K
8.2 % (143220 / 1754779)[1K
8.2 % (143506 / 1754779)[1K
8.2 % (143848 / 1754779)[1K
8.2 % (144171 / 1754779)[1K
8.2 % (144427 / 1754779)[1K
8.2 % (144718 / 1754779)[1K
8.3 % (144949 / 1754779)[1K
8.3 % (145262 / 1754779)[1K
8.3 % (145582 / 1754779)[1K
8.3 % (145855 / 1754779)[1K
8.3 % (146114 / 1754779)[1K
8.3 % (146471 / 1754779)[1K
8.4 % (146886 / 1754779)[1K
8.4 % (147141 / 1754779)[1K
Keys: 4fd5c07f b861f9e3 44a433ae
8.4 % (147157 / 1754779)
Found a solution. Stopping.
You may resume the attack with the option: --continue-attack 147157
[21:06:32] Keys
4fd5c07f b861f9e3 44a433ae
