bkcrack 1.8.1 - 2025-10-25
[20:57:08] Z reduction using 13 bytes of known plaintext
0.0 % (0 / 13)[1K
84.6 % (11 / 13)[1K
100.0 % (13 / 13)
[20:57:08] Attack on 521168 Z values at index 6
0.0 % (20 / 521168)[1K
0.0 % (196 / 521168)[1K
0.1 % (393 / 521168)[1K
0.1 % (580 / 521168)[1K
0.2 % (815 / 521168)[1K
0.2 % (1016 / 521168)[1K
0.2 % (1206 / 521168)[1K
0.3 % (1385 / 521168)[1K
0.3 % (1610 / 521168)[1K
0.3 % (1795 / 521168)[1K
0.4 % (1993 / 521168)[1K
0.4 % (2201 / 521168)[1K
0.5 % (2422 / 521168)[1K
0.5 % (2622 / 521168)[1K
0.5 % (2837 / 521168)[1K
0.6 % (2979 / 521168)[1K
0.6 % (3247 / 521168)[1K
0.7 % (3474 / 521168)[1K
0.7 % (3640 / 521168)[1K
0.7 % (3848 / 521168)[1K
0.8 % (4087 / 521168)[1K
0.8 % (4216 / 521168)[1K
0.8 % (4428 / 521168)[1K
0.9 % (4627 / 521168)[1K
0.9 % (4833 / 521168)[1K
1.0 % (5067 / 521168)[1K
1.0 % (5286 / 521168)[1K
1.1 % (5554 / 521168)[1K
1.1 % (5680 / 521168)[1K
1.1 % (5903 / 521168)[1K
1.2 % (6016 / 521168)[1K
1.2 % (6158 / 521168)[1K
1.2 % (6460 / 521168)[1K
1.3 % (6619 / 521168)[1K
1.3 % (6795 / 521168)[1K
1.4 % (7047 / 521168)[1K
1.4 % (7328 / 521168)[1K
1.4 % (7519 / 521168)[1K
1.5 % (7693 / 521168)[1K
1.5 % (7873 / 521168)[1K
1.5 % (7983 / 521168)[1K
1.6 % (8175 / 521168)[1K
1.6 % (8384 / 521168)[1K
1.6 % (8533 / 521168)[1K
1.7 % (8780 / 521168)[1K
1.7 % (8931 / 521168)[1K
1.8 % (9148 / 521168)[1K
1.8 % (9286 / 521168)[1K
1.8 % (9499 / 521168)[1K
1.9 % (9736 / 521168)[1K
1.9 % (9904 / 521168)[1K
1.9 % (10159 / 521168)[1K
2.0 % (10341 / 521168)[1K
2.0 % (10498 / 521168)[1K
2.1 % (10713 / 521168)[1K
2.1 % (10910 / 521168)[1K
2.1 % (11178 / 521168)[1K
2.2 % (11359 / 521168)[1K
2.2 % (11566 / 521168)[1K
2.3 % (11745 / 521168)[1K
2.3 % (12044 / 521168)[1K
2.4 % (12309 / 521168)[1K
2.4 % (12525 / 521168)[1K
2.4 % (12684 / 521168)[1K
2.5 % (12827 / 521168)[1K
2.5 % (13063 / 521168)[1K
2.5 % (13238 / 521168)[1K
2.6 % (13374 / 521168)[1K
2.6 % (13655 / 521168)[1K
2.7 % (13856 / 521168)[1K
2.7 % (14050 / 521168)[1K
2.7 % (14220 / 521168)[1K
2.8 % (14422 / 521168)[1K
2.8 % (14632 / 521168)[1K
2.8 % (14831 / 521168)[1K
2.9 % (15014 / 521168)[1K
2.9 % (15205 / 521168)[1K
2.9 % (15322 / 521168)[1K
3.0 % (15492 / 521168)[1K
3.0 % (15647 / 521168)[1K
3.0 % (15844 / 521168)[1K
3.1 % (16025 / 521168)[1K
3.1 % (16213 / 521168)[1K
3.2 % (16459 / 521168)[1K
3.2 % (16702 / 521168)[1K
3.2 % (16911 / 521168)[1K
3.3 % (17061 / 521168)[1K
3.3 % (17226 / 521168)[1K
3.3 % (17432 / 521168)[1K
3.4 % (17615 / 521168)[1K
3.4 % (17868 / 521168)[1K
3.5 % (18054 / 521168)[1K
3.5 % (18227 / 521168)[1K
3.5 % (18386 / 521168)[1K
3.6 % (18575 / 521168)[1K
3.6 % (18849 / 521168)[1K
3.7 % (19092 / 521168)[1K
3.7 % (19222 / 521168)[1K
3.7 % (19422 / 521168)[1K
3.8 % (19645 / 521168)[1K
3.8 % (19820 / 521168)[1K
3.8 % (20027 / 521168)[1K
3.9 % (20219 / 521168)[1K
3.9 % (20416 / 521168)[1K
4.0 % (20696 / 521168)[1K
4.0 % (20848 / 521168)[1K
4.0 % (21019 / 521168)[1K
4.1 % (21190 / 521168)[1K
4.1 % (21377 / 521168)[1K
4.1 % (21603 / 521168)[1K
4.2 % (21794 / 521168)[1K
4.2 % (21978 / 521168)[1K
4.3 % (22163 / 521168)[1K
4.3 % (22334 / 521168)[1K
4.3 % (22585 / 521168)[1K
4.4 % (22800 / 521168)[1K
4.4 % (22932 / 521168)[1K
4.4 % (23106 / 521168)[1K
4.5 % (23333 / 521168)[1K
4.5 % (23487 / 521168)[1K
4.5 % (23664 / 521168)[1K
4.6 % (23861 / 521168)[1K
4.6 % (24065 / 521168)[1K
4.7 % (24271 / 521168)[1K
4.7 % (24496 / 521168)[1K
4.7 % (24704 / 521168)[1K
4.8 % (24876 / 521168)[1K
4.8 % (25085 / 521168)[1K
4.9 % (25332 / 521168)[1K
4.9 % (25546 / 521168)[1K
4.9 % (25696 / 521168)[1K
5.0 % (25898 / 521168)[1K
5.0 % (26125 / 521168)[1K
5.1 % (26350 / 521168)[1K
5.1 % (26653 / 521168)[1K
5.2 % (26854 / 521168)[1K
5.2 % (26964 / 521168)[1K
5.2 % (27144 / 521168)[1K
5.2 % (27319 / 521168)[1K
5.3 % (27470 / 521168)[1K
5.3 % (27734 / 521168)[1K
5.4 % (27916 / 521168)[1K
5.4 % (28091 / 521168)[1K
5.4 % (28320 / 521168)[1K
5.5 % (28500 / 521168)[1K
5.5 % (28668 / 521168)[1K
5.6 % (28947 / 521168)[1K
5.6 % (29103 / 521168)[1K
5.6 % (29257 / 521168)[1K
5.6 % (29424 / 521168)[1K
5.7 % (29668 / 521168)[1K
5.7 % (29946 / 521168)[1K
5.8 % (30095 / 521168)[1K
5.8 % (30263 / 521168)[1K
5.9 % (30492 / 521168)[1K
5.9 % (30694 / 521168)[1K
5.9 % (30906 / 521168)[1K
6.0 % (31082 / 521168)[1K
6.0 % (31306 / 521168)[1K
6.0 % (31514 / 521168)[1K
6.1 % (31719 / 521168)[1K
6.1 % (31964 / 521168)[1K
6.2 % (32152 / 521168)[1K
6.2 % (32324 / 521168)[1K
6.2 % (32498 / 521168)[1K
6.3 % (32705 / 521168)[1K
6.3 % (32970 / 521168)[1K
6.4 % (33250 / 521168)[1K
6.4 % (33412 / 521168)[1K
6.5 % (33675 / 521168)[1K
6.5 % (33875 / 521168)[1K
6.5 % (34066 / 521168)[1K
6.6 % (34250 / 521168)[1K
6.6 % (34427 / 521168)[1K
6.7 % (34665 / 521168)[1K
6.7 % (34868 / 521168)[1K
6.7 % (35068 / 521168)[1K
6.8 % (35249 / 521168)[1K
6.8 % (35452 / 521168)[1K
6.8 % (35688 / 521168)[1K
6.9 % (35856 / 521168)[1K
6.9 % (35982 / 521168)[1K
6.9 % (36173 / 521168)[1K
7.0 % (36397 / 521168)[1K
7.0 % (36535 / 521168)[1K
7.0 % (36732 / 521168)[1K
7.1 % (36965 / 521168)[1K
7.1 % (37163 / 521168)[1K
7.2 % (37368 / 521168)[1K
7.2 % (37553 / 521168)[1K
7.2 % (37695 / 521168)[1K
7.3 % (37905 / 521168)[1K
7.3 % (38054 / 521168)[1K
7.4 % (38356 / 521168)[1K
7.4 % (38579 / 521168)[1K
7.4 % (38761 / 521168)[1K
7.5 % (38973 / 521168)[1K
7.5 % (39185 / 521168)[1K
7.5 % (39300 / 521168)[1K
7.6 % (39513 / 521168)[1K
7.6 % (39760 / 521168)[1K
7.7 % (39927 / 521168)[1K
7.7 % (40112 / 521168)[1K
7.7 % (40333 / 521168)[1K
7.8 % (40530 / 521168)[1K
7.8 % (40752 / 521168)[1K
7.9 % (40946 / 521168)[1K
7.9 % (41163 / 521168)[1K
7.9 % (41323 / 521168)[1K
8.0 % (41480 / 521168)[1K
8.0 % (41717 / 521168)[1K
8.0 % (41915 / 521168)[1K
8.1 % (42113 / 521168)[1K
8.1 % (42401 / 521168)[1K
8.2 % (42560 / 521168)[1K
8.2 % (42793 / 521168)[1K
8.2 % (42976 / 521168)[1K
8.3 % (43228 / 521168)[1K
8.3 % (43431 / 521168)[1K
8.4 % (43581 / 521168)[1K
8.4 % (43806 / 521168)[1K
8.4 % (43997 / 521168)[1K
8.5 % (44162 / 521168)[1K
8.5 % (44366 / 521168)[1K
8.5 % (44551 / 521168)[1K
8.6 % (44848 / 521168)[1K
8.6 % (44994 / 521168)[1K
8.7 % (45204 / 521168)[1K
8.7 % (45356 / 521168)[1K
8.7 % (45579 / 521168)[1K
8.8 % (45767 / 521168)[1K
8.8 % (45957 / 521168)[1K
8.9 % (46168 / 521168)[1K
8.9 % (46333 / 521168)[1K
8.9 % (46531 / 521168)[1K
9.0 % (46697 / 521168)[1K
9.0 % (46890 / 521168)[1K
9.0 % (47069 / 521168)[1K
9.1 % (47376 / 521168)[1K
9.1 % (47551 / 521168)[1K
9.2 % (47737 / 521168)[1K
9.2 % (47887 / 521168)[1K
9.2 % (48050 / 521168)[1K
9.2 % (48199 / 521168)[1K
9.3 % (48389 / 521168)[1K
9.3 % (48614 / 521168)[1K
9.4 % (48832 / 521168)[1K
9.4 % (49017 / 521168)[1K
9.4 % (49245 / 521168)[1K
9.5 % (49480 / 521168)[1K
9.5 % (49721 / 521168)[1K
9.6 % (49846 / 521168)[1K
9.6 % (50078 / 521168)[1K
9.6 % (50259 / 521168)[1K
9.7 % (50520 / 521168)[1K
9.7 % (50808 / 521168)[1K
9.8 % (50979 / 521168)[1K
9.8 % (51143 / 521168)[1K
9.9 % (51393 / 521168)[1K
9.9 % (51597 / 521168)[1K
9.9 % (51816 / 521168)[1K
10.0 % (51996 / 521168)[1K
10.0 % (52238 / 521168)[1K
10.1 % (52444 / 521168)[1K
10.1 % (52648 / 521168)[1K
10.1 % (52819 / 521168)[1K
10.2 % (52963 / 521168)[1K
10.2 % (53152 / 521168)[1K
10.2 % (53304 / 521168)[1K
10.3 % (53497 / 521168)[1K
10.3 % (53646 / 521168)[1K
10.3 % (53847 / 521168)[1K
10.4 % (54033 / 521168)[1K
10.4 % (54291 / 521168)[1K
10.5 % (54514 / 521168)[1K
10.5 % (54686 / 521168)[1K
10.5 % (54889 / 521168)[1K
10.6 % (55077 / 521168)[1K
10.6 % (55286 / 521168)[1K
10.6 % (55504 / 521168)[1K
10.7 % (55706 / 521168)[1K
10.7 % (55868 / 521168)[1K
10.8 % (56107 / 521168)[1K
10.8 % (56331 / 521168)[1K
10.8 % (56528 / 521168)[1K
10.9 % (56710 / 521168)[1K
10.9 % (56860 / 521168)[1K
10.9 % (57067 / 521168)[1K
11.0 % (57265 / 521168)[1K
11.0 % (57540 / 521168)[1K
11.1 % (57690 / 521168)[1K
11.1 % (57867 / 521168)[1K
11.1 % (58043 / 521168)[1K
11.2 % (58254 / 521168)[1K
11.2 % (58447 / 521168)[1K
11.3 % (58669 / 521168)[1K
11.3 % (58850 / 521168)[1K
11.3 % (58994 / 521168)[1K
11.4 % (59218 / 521168)[1K
11.4 % (59391 / 521168)[1K
11.4 % (59550 / 521168)[1K
11.5 % (59762 / 521168)[1K
11.5 % (59940 / 521168)[1K
11.5 % (60175 / 521168)[1K
11.6 % (60402 / 521168)[1K
11.6 % (60610 / 521168)[1K
11.7 % (60756 / 521168)[1K
11.7 % (61004 / 521168)[1K
11.7 % (61186 / 521168)[1K
11.8 % (61369 / 521168)[1K
11.8 % (61514 / 521168)[1K
11.8 % (61681 / 521168)[1K
11.9 % (61961 / 521168)[1K
11.9 % (62226 / 521168)[1K
12.0 % (62556 / 521168)[1K
12.1 % (62848 / 521168)[1K
12.1 % (63168 / 521168)[1K
12.2 % (63501 / 521168)[1K
12.2 % (63777 / 521168)[1K
12.3 % (64040 / 521168)[1K
12.3 % (64288 / 521168)[1K
12.4 % (64523 / 521168)[1K
12.4 % (64881 / 521168)[1K
12.5 % (65101 / 521168)[1K
12.5 % (65403 / 521168)[1K
12.6 % (65667 / 521168)[1K
12.6 % (65863 / 521168)[1K
12.7 % (66168 / 521168)[1K
12.8 % (66558 / 521168)[1K
12.8 % (66856 / 521168)[1K
12.9 % (67111 / 521168)[1K
12.9 % (67369 / 521168)[1K
13.0 % (67699 / 521168)[1K
13.0 % (67903 / 521168)[1K
13.1 % (68183 / 521168)[1K
13.1 % (68530 / 521168)[1K
13.2 % (68831 / 521168)[1K
13.3 % (69167 / 521168)[1K
13.3 % (69402 / 521168)[1K
13.4 % (69645 / 521168)[1K
13.4 % (69880 / 521168)[1K
13.5 % (70159 / 521168)[1K
13.5 % (70398 / 521168)[1K
13.6 % (70634 / 521168)[1K
13.6 % (70899 / 521168)[1K
13.7 % (71175 / 521168)[1K
13.7 % (71398 / 521168)[1K
13.7 % (71621 / 521168)[1K
13.8 % (71941 / 521168)[1K
13.8 % (72180 / 521168)[1K
13.9 % (72551 / 521168)[1K
14.0 % (72787 / 521168)[1K
14.0 % (73065 / 521168)[1K
14.1 % (73363 / 521168)[1K
14.1 % (73732 / 521168)[1K
14.2 % (74094 / 521168)[1K
14.3 % (74360 / 521168)[1K
14.3 % (74572 / 521168)[1K
14.4 % (74945 / 521168)[1K
14.4 % (75207 / 521168)[1K
14.5 % (75435 / 521168)[1K
14.5 % (75729 / 521168)[1K
14.6 % (76051 / 521168)[1K
14.6 % (76344 / 521168)[1K
14.7 % (76635 / 521168)[1K
14.8 % (76922 / 521168)[1K
14.8 % (77217 / 521168)[1K
14.9 % (77485 / 521168)[1K
14.9 % (77727 / 521168)[1K
15.0 % (77997 / 521168)[1K
15.0 % (78307 / 521168)[1K
15.1 % (78631 / 521168)[1K
15.1 % (78897 / 521168)[1K
15.2 % (79167 / 521168)[1K
15.3 % (79512 / 521168)[1K
15.3 % (79744 / 521168)[1K
15.3 % (79982 / 521168)[1K
15.4 % (80238 / 521168)[1K
15.4 % (80452 / 521168)[1K
15.5 % (80725 / 521168)[1K
15.5 % (81032 / 521168)[1K
15.6 % (81324 / 521168)[1K
15.7 % (81650 / 521168)[1K
15.7 % (81898 / 521168)[1K
15.8 % (82264 / 521168)[1K
15.8 % (82570 / 521168)[1K
15.9 % (82847 / 521168)[1K
16.0 % (83142 / 521168)[1K
16.0 % (83452 / 521168)[1K
16.1 % (83661 / 521168)[1K
16.1 % (83902 / 521168)[1K
16.1 % (84105 / 521168)[1K
16.2 % (84392 / 521168)[1K
16.2 % (84604 / 521168)[1K
16.3 % (84953 / 521168)[1K
16.4 % (85318 / 521168)[1K
16.4 % (85692 / 521168)[1K
16.5 % (85945 / 521168)[1K
16.6 % (86282 / 521168)[1K
16.6 % (86671 / 521168)[1K
16.7 % (86945 / 521168)[1K
16.7 % (87257 / 521168)[1K
16.8 % (87541 / 521168)[1K
16.8 % (87765 / 521168)[1K
16.9 % (88078 / 521168)[1K
17.0 % (88368 / 521168)[1K
17.0 % (88749 / 521168)[1K
17.1 % (89059 / 521168)[1K
17.1 % (89373 / 521168)[1K
17.2 % (89665 / 521168)[1K
17.2 % (89846 / 521168)[1K
17.3 % (90123 / 521168)[1K
17.4 % (90426 / 521168)[1K
17.4 % (90732 / 521168)[1K
17.5 % (90971 / 521168)[1K
17.5 % (91326 / 521168)[1K
17.6 % (91585 / 521168)[1K
17.6 % (91899 / 521168)[1K
17.7 % (92171 / 521168)[1K
17.7 % (92432 / 521168)[1K
17.8 % (92658 / 521168)[1K
17.8 % (92988 / 521168)[1K
17.9 % (93295 / 521168)[1K
18.0 % (93570 / 521168)[1K
18.0 % (93912 / 521168)[1K
18.1 % (94170 / 521168)[1K
18.1 % (94512 / 521168)[1K
18.2 % (94712 / 521168)[1K
18.2 % (95008 / 521168)[1K
18.3 % (95356 / 521168)[1K
18.4 % (95643 / 521168)[1K
18.4 % (95863 / 521168)[1K
18.5 % (96196 / 521168)[1K
18.5 % (96592 / 521168)[1K
18.6 % (96886 / 521168)[1K
18.6 % (97163 / 521168)[1K
18.7 % (97444 / 521168)[1K
18.8 % (97777 / 521168)[1K
18.8 % (98111 / 521168)[1K
18.9 % (98362 / 521168)[1K
18.9 % (98696 / 521168)[1K
19.0 % (98968 / 521168)[1K
19.0 % (99219 / 521168)[1K
19.1 % (99516 / 521168)[1K
19.1 % (99754 / 521168)[1K
19.2 % (100011 / 521168)[1K
19.2 % (100207 / 521168)[1K
19.3 % (100478 / 521168)[1K
19.3 % (100765 / 521168)[1K
19.4 % (101061 / 521168)[1K
19.4 % (101322 / 521168)[1K
19.5 % (101595 / 521168)[1K
19.6 % (101937 / 521168)[1K
19.6 % (102185 / 521168)[1K
19.7 % (102478 / 521168)[1K
19.7 % (102837 / 521168)[1K
19.8 % (103088 / 521168)[1K
19.8 % (103316 / 521168)[1K
19.9 % (103634 / 521168)[1K
19.9 % (103930 / 521168)[1K
20.0 % (104289 / 521168)[1K
20.1 % (104614 / 521168)[1K
20.1 % (104884 / 521168)[1K
20.2 % (105170 / 521168)[1K
20.2 % (105449 / 521168)[1K
20.3 % (105665 / 521168)[1K
20.3 % (105951 / 521168)[1K
20.4 % (106276 / 521168)[1K
20.4 % (106511 / 521168)[1K
20.5 % (106770 / 521168)[1K
20.5 % (107063 / 521168)[1K
20.6 % (107368 / 521168)[1K
20.7 % (107649 / 521168)[1K
20.7 % (107861 / 521168)[1K
20.8 % (108163 / 521168)[1K
20.8 % (108473 / 521168)[1K
20.9 % (108736 / 521168)[1K
20.9 % (108956 / 521168)[1K
21.0 % (109257 / 521168)[1K
21.0 % (109503 / 521168)[1K
21.1 % (109856 / 521168)[1K
21.1 % (110116 / 521168)[1K
21.2 % (110413 / 521168)[1K
21.2 % (110681 / 521168)[1K
21.3 % (110986 / 521168)[1K
21.3 % (111216 / 521168)[1K
21.4 % (111482 / 521168)[1K
21.5 % (111814 / 521168)[1K
21.5 % (112122 / 521168)[1K
21.6 % (112408 / 521168)[1K
21.6 % (112647 / 521168)[1K
21.7 % (112992 / 521168)[1K
21.7 % (113288 / 521168)[1K
21.8 % (113626 / 521168)[1K
21.9 % (113934 / 521168)[1K
21.9 % (114201 / 521168)[1K
22.0 % (114502 / 521168)[1K
22.0 % (114706 / 521168)[1K
22.1 % (115022 / 521168)[1K
22.1 % (115278 / 521168)[1K
22.2 % (115548 / 521168)[1K
22.2 % (115847 / 521168)[1K
22.3 % (116092 / 521168)[1K
22.3 % (116399 / 521168)[1K
22.4 % (116649 / 521168)[1K
22.4 % (116977 / 521168)[1K
22.5 % (117344 / 521168)[1K
22.6 % (117652 / 521168)[1K
22.6 % (117863 / 521168)[1K
22.7 % (118141 / 521168)[1K
22.7 % (118339 / 521168)[1K
22.8 % (118616 / 521168)[1K
22.8 % (118896 / 521168)[1K
22.9 % (119144 / 521168)[1K
22.9 % (119531 / 521168)[1K
23.0 % (119816 / 521168)[1K
23.0 % (120057 / 521168)[1K
23.1 % (120420 / 521168)[1K
23.2 % (120748 / 521168)[1K
23.2 % (121035 / 521168)[1K
23.3 % (121336 / 521168)[1K
23.3 % (121690 / 521168)[1K
23.4 % (122031 / 521168)[1K
23.5 % (122345 / 521168)[1K
23.5 % (122617 / 521168)[1K
23.6 % (122870 / 521168)[1K
23.6 % (123157 / 521168)[1K
23.7 % (123463 / 521168)[1K
23.8 % (123779 / 521168)[1K
23.8 % (124118 / 521168)[1K
23.9 % (124362 / 521168)[1K
23.9 % (124588 / 521168)[1K
24.0 % (124824 / 521168)[1K
24.0 % (125158 / 521168)[1K
24.1 % (125407 / 521168)[1K
24.1 % (125649 / 521168)[1K
24.2 % (125866 / 521168)[1K
24.2 % (126110 / 521168)[1K
24.2 % (126376 / 521168)[1K
24.3 % (126611 / 521168)[1K
24.3 % (126861 / 521168)[1K
24.4 % (127107 / 521168)[1K
24.4 % (127402 / 521168)[1K
24.5 % (127585 / 521168)[1K
24.5 % (127854 / 521168)[1K
24.6 % (128187 / 521168)[1K
24.6 % (128445 / 521168)[1K
24.7 % (128690 / 521168)[1K
24.7 % (128973 / 521168)[1K
24.8 % (129336 / 521168)[1K
24.9 % (129608 / 521168)[1K
24.9 % (129874 / 521168)[1K
25.0 % (130130 / 521168)[1K
25.0 % (130429 / 521168)[1K
25.1 % (130739 / 521168)[1K
25.1 % (130971 / 521168)[1K
25.2 % (131209 / 521168)[1K
25.2 % (131525 / 521168)[1K
25.3 % (131902 / 521168)[1K
25.4 % (132188 / 521168)[1K
25.4 % (132433 / 521168)[1K
25.5 % (132642 / 521168)[1K
25.5 % (132985 / 521168)[1K
25.6 % (133276 / 521168)[1K
25.6 % (133522 / 521168)[1K
25.7 % (133736 / 521168)[1K
25.7 % (134036 / 521168)[1K
25.8 % (134286 / 521168)[1K
25.8 % (134616 / 521168)[1K
25.9 % (134839 / 521168)[1K
25.9 % (135147 / 521168)[1K
26.0 % (135383 / 521168)[1K
26.0 % (135709 / 521168)[1K
26.1 % (136026 / 521168)[1K
26.2 % (136390 / 521168)[1K
26.2 % (136597 / 521168)[1K
26.3 % (136923 / 521168)[1K
26.3 % (137198 / 521168)[1K
26.4 % (137424 / 521168)[1K
