CLIENT_RANDOM 2de2687412154d6e8a5873669268ea01a3ef32e05e5ea07adb1fa7fa50e5221e 55a3b3512f1f7980b97ea73d584d1ade435a980a03cb32495e32a634cb35795c84d5d03610e67ff1326b629a23b0ba34
CLIENT_RANDOM 657581c85fa9ef02721cbeab3cbe9f303b1e78e71eafb44875eb36f858960064 1f41f9a2a041e258fe9dee5b1e485733066b175defaf522185ec33d102eb5318a36d6172fcfc70836a58155d25a60860
CLIENT_RANDOM 3ebe06d0d0a09707774d3b738190f2e417df5a598717f13cb443fc119961e9b7 3ddf2ca0cdfc62e41f11b7ac6a04b24d83f85b5e12d1c3c15b8565f44cb46b71475024796dde8c896f1ba2735b9c2e85
SERVER_HANDSHAKE_TRAFFIC_SECRET 1081d71623820ddd057abf2e900f04859d0f09ced3410d4016da8cd6a92c4d0c 46f4df0280567975119c8e9503030a24d102afcfce7e8ae21e78820ca22d0bf58a7adb4008a1c7aac99d814ee2af5b81
EXPORTER_SECRET 1081d71623820ddd057abf2e900f04859d0f09ced3410d4016da8cd6a92c4d0c 4cc02969b1b90f4f90b56d65a56dec39ea0dcc091aac1ba30d916d6de508e3d0d9b44246d46099b986100b422043e864
SERVER_TRAFFIC_SECRET_0 1081d71623820ddd057abf2e900f04859d0f09ced3410d4016da8cd6a92c4d0c 05f26d3ff99d76fa2002dfb950a89824877060cecc49cb35901107ba445de94c38d63bc8592d778bf60cfa59951d1b10
CLIENT_HANDSHAKE_TRAFFIC_SECRET 1081d71623820ddd057abf2e900f04859d0f09ced3410d4016da8cd6a92c4d0c e66714f4263e7e26b3a3079d7ca9f601b0b30ed56339a01a021dc5fb57bc0acb2dc93b968ed222cef138ad44cf95c2f2
CLIENT_TRAFFIC_SECRET_0 1081d71623820ddd057abf2e900f04859d0f09ced3410d4016da8cd6a92c4d0c 7a6415846aab5ce8530e644c6deb7ea14a437587dab1b4e165ed522e7a5096d68f05884247ff451b949ec4f6b0bcc8cd
CLIENT_RANDOM a5b326459bcbf591cac07fd5503cb57676251f8e250c22dc473b6b9f15b1187c 1383b73cf4af2ac203f0009993b8f5ea99cb1850b75135163a26f42b575070031f26c26da70ffbbf3bb0731d488a0bbe
CLIENT_RANDOM 837d8d298a08dcd08d14efbfa46a49503550f2eb4f2bfbd42ecfb6fa35cbf4f3 bcf0baca5bf9fcee2e0a7b432cd583b77445fdc520007e023bdb4e8c6e91bbc53d6689b61f434702426a1ca9b2b5ae7a
CLIENT_RANDOM 1220302cba34fac5f8493aa1d76ac8a44c954381337efb7da6f247b62ec3a6d4 9cbe500e36d52ffc6058214c0278a15490d0758a16b2e29eedcd062ce8c08ca262e0598a4098141847a59a902d629fb6
SERVER_HANDSHAKE_TRAFFIC_SECRET b91b68492fed4d6d9bb2bcaafe33897ee8a422adee66b146e36618b91c4128a2 f248c2132b9265bfa7a099feba0a7b47338bf4eae226dd9dc6d619c4dc9f6b6799306fcd4fedfc0a5fb06e01a807a472
EXPORTER_SECRET b91b68492fed4d6d9bb2bcaafe33897ee8a422adee66b146e36618b91c4128a2 0a22bb01c7d62c302fbbc3f3362cf895e1727ef674afb751507172f792e147340c7aeec146d43620478be03f1e06c2a5
SERVER_TRAFFIC_SECRET_0 b91b68492fed4d6d9bb2bcaafe33897ee8a422adee66b146e36618b91c4128a2 e624aaba0a8f257d540fd85685707b640b7c34330b9aca96849c837bae0e84b7a9128557514f75879d4fede6d2dce3ee
CLIENT_HANDSHAKE_TRAFFIC_SECRET b91b68492fed4d6d9bb2bcaafe33897ee8a422adee66b146e36618b91c4128a2 2217d44ce7116f50bcec4a2c02a237f346866c1360a271960fa1b120ddc2a48f5ad302b85b6ce0b0bc012d52e39f5b94
CLIENT_TRAFFIC_SECRET_0 b91b68492fed4d6d9bb2bcaafe33897ee8a422adee66b146e36618b91c4128a2 b1377600d0d86e9ac4645bc647e7666ceacdb09f7bd2bf4b71d51d365857d09f0401363684a498994adc389c501a5716
SERVER_HANDSHAKE_TRAFFIC_SECRET ed6f01b941cc204be87311b0a9fa4f0cfc5f5013101f62425d8ae68ce3c32c22 81a8dd5669617f8c1d4c87077ec32ada14d1f30ee89bad95430fffa62df01fd265d6862b930abc043b8f805f1935465c
EXPORTER_SECRET ed6f01b941cc204be87311b0a9fa4f0cfc5f5013101f62425d8ae68ce3c32c22 ebc69f3fcd7814a8b6a3138383c8d2fd594369057fca6ef85a3d110797b3c1ec1f17222735fe3d39c06b10a903584c3b
SERVER_TRAFFIC_SECRET_0 ed6f01b941cc204be87311b0a9fa4f0cfc5f5013101f62425d8ae68ce3c32c22 ac81c70ea9958c2d4f9b6f59c66f46e6a889a1e2ad47e44f3e4ab833eaaf5d1050c8ec20c814639f6798487b8f2d3bc0
CLIENT_HANDSHAKE_TRAFFIC_SECRET ed6f01b941cc204be87311b0a9fa4f0cfc5f5013101f62425d8ae68ce3c32c22 030734a04d19c304fe8ac3063dbae77180dee47b9ca2e072633b1a1ca09ece10fefabebac38f45bc0dc3dec6783516ab
CLIENT_TRAFFIC_SECRET_0 ed6f01b941cc204be87311b0a9fa4f0cfc5f5013101f62425d8ae68ce3c32c22 4c7d66307a66d0aec877e45e2e243c3112d76f72ceb352278d598e5d825d008c08c8139d4a8b8202b639bce52b67a9c9
SERVER_HANDSHAKE_TRAFFIC_SECRET 37b8e57cf496ee697815f559336e2e681b63af0ffbaecc6437bd30431e60df4a 5dd6708b8aa99e71e8e176f62939a0dfbd4582dd004fd8fb11bd45e2a37dbd0b5ab646bc37f8b62b1a5efc9251d9a3ca
EXPORTER_SECRET 37b8e57cf496ee697815f559336e2e681b63af0ffbaecc6437bd30431e60df4a cc0f07c235290526bc6a2a4328421a7580ccd4e7b3e5e1f808a47adb98a08c87971b47182c47aad05ea5870b362f7ad5
SERVER_TRAFFIC_SECRET_0 37b8e57cf496ee697815f559336e2e681b63af0ffbaecc6437bd30431e60df4a 929c64c93a49057f0af8701667476dbe133e03216be724b15b9cfbe19ad4b5bec4339624246b0595fd1655f016f2b3ce
CLIENT_HANDSHAKE_TRAFFIC_SECRET 37b8e57cf496ee697815f559336e2e681b63af0ffbaecc6437bd30431e60df4a 91a12b61c20a5d3b0a16282e35840fa81b0e13ebf12d3e8241389c28ffc9903cdb5f05eb72451a52f814569e43646668
CLIENT_TRAFFIC_SECRET_0 37b8e57cf496ee697815f559336e2e681b63af0ffbaecc6437bd30431e60df4a ea49054363dd7473e01d41c2ef60cf79fb4681b7e477622daba5fe65c2fc8be61ef42d36ff6833625066f2988f21ca30
SERVER_HANDSHAKE_TRAFFIC_SECRET 3b7bb0632f4da7a4feb46a10330d79d6913b4e0614eaac4b60e6a7871fe544e9 905d5f045f144584345590979b8b3325d46c02f137327f61d103bbdf22893d88030c4aed339ccf8e8721742d75d4d9af
EXPORTER_SECRET 3b7bb0632f4da7a4feb46a10330d79d6913b4e0614eaac4b60e6a7871fe544e9 ce2b486312c23fee4a3b8088a7a190d1ef3259139a7036a9a90a99932458e0a7c54a8e177205b838b8dfa762043c564a
SERVER_TRAFFIC_SECRET_0 3b7bb0632f4da7a4feb46a10330d79d6913b4e0614eaac4b60e6a7871fe544e9 74448c3e461d51e8d54e2f4b8ddb63754a8c0e5131ab6dd4705057cea6ab571de4682c747913dafa6da2dc97de85b022
CLIENT_HANDSHAKE_TRAFFIC_SECRET 3b7bb0632f4da7a4feb46a10330d79d6913b4e0614eaac4b60e6a7871fe544e9 86c016f7aabbb3a547a1390c5cdc6f05d3508c931fb98c4243c67cebfc15f1071df755e7a4d06cab4de505d6c46e4ce3
CLIENT_TRAFFIC_SECRET_0 3b7bb0632f4da7a4feb46a10330d79d6913b4e0614eaac4b60e6a7871fe544e9 e1a9218678a3aab63b0fd118820648b3b25279f942cfe2595a9ab25f77c671d91933e7aaf888bfb2d088afabe4715528
SERVER_HANDSHAKE_TRAFFIC_SECRET cc466793c5e20c025cce6f8033e57c6b9a9fcc5e49a134b37103c8d757478783 e43fc52719473081ce0cff3efef82f0106eccee5c013dc1d3f9ba202ef1ef3e4f9be4f2218a18092cc6b67f02a578279
EXPORTER_SECRET cc466793c5e20c025cce6f8033e57c6b9a9fcc5e49a134b37103c8d757478783 34b342a1386f2e4f4ae9d600d240f45a6a2c59e66b872314b2e8416dc1b09868c5a8c88074b282b05d2d1254530fac22
SERVER_TRAFFIC_SECRET_0 cc466793c5e20c025cce6f8033e57c6b9a9fcc5e49a134b37103c8d757478783 e700fc81ff21089c6aa7faf0c7f78ced9a0feb7525fe0018ceafd243fb9cb512e8b9aecf83241ce95e57a9d459cc63ca
CLIENT_HANDSHAKE_TRAFFIC_SECRET cc466793c5e20c025cce6f8033e57c6b9a9fcc5e49a134b37103c8d757478783 48d6b1719c8b6b3b48569be592c08010e0812b2417ae3092982edfe1532d5e54cd8959a924c54e8048e7dfd5289b3a80
CLIENT_TRAFFIC_SECRET_0 cc466793c5e20c025cce6f8033e57c6b9a9fcc5e49a134b37103c8d757478783 9a2795f4e2d8d8e787aa8ea9b652d27ff0117929e9ab6491a35054a80af51ac8ff4f12dfbc942b62c19616f4662f7902
CLIENT_RANDOM 9bfc5ba53b5e48062f08c70976691cb112fbdcb2a4a7b2cbd68d6321339a548c f2fb651749e2d336126c6075b5133b341fd8e83581731879f4535f9cf3b8b74c7d0d6b0f43570bc2bcfb4cba30c81266
SERVER_HANDSHAKE_TRAFFIC_SECRET e7c832c871c58a1cbf3d7eab09af22731e31774216e7348e7de125dc80dbf515 6aa1d0a1f3bd521b0a599f078f1fd964110adc05c7132ad513fed69d13db018ad3d7ff64dd8617a574b4b2418a91236b
EXPORTER_SECRET e7c832c871c58a1cbf3d7eab09af22731e31774216e7348e7de125dc80dbf515 bb33a0e11d1c784bd9db1e9c1029881b547f2e8d46f2a0a5c768753cf60c010b3ffcea84c0ef1fb51c4a1b73d13151ce
SERVER_TRAFFIC_SECRET_0 e7c832c871c58a1cbf3d7eab09af22731e31774216e7348e7de125dc80dbf515 a8f27944978a7f4525c950e9ad2c9e80d6d2a556c18d6382567a31beb55b8fd65cc05c373b1a15c68dc09b95e6e8ad18
CLIENT_HANDSHAKE_TRAFFIC_SECRET e7c832c871c58a1cbf3d7eab09af22731e31774216e7348e7de125dc80dbf515 2edea1b39ac48af1bde21b6fbc8aa176fefd17d93690f6b35e8d1ce532bce069962ac9c0cc6243064ea455185696d547
CLIENT_TRAFFIC_SECRET_0 e7c832c871c58a1cbf3d7eab09af22731e31774216e7348e7de125dc80dbf515 ffea9b7ee63cda25047c63c564cdba02601cf432e585635d0aefaba5b4898a200a36a6306821af9ddbed9e100d96c4ff
SERVER_HANDSHAKE_TRAFFIC_SECRET 1f20d8aa0281e26f0f8a10d13ff1c1c9ba008c4354ae0b128cef1a9044f563fa df5994e1b9ce58c1ceb793604e894212813e241119dc95b2016d911d9f439d4f9ce657e82db8a5c4832fa09a7a0e909c
EXPORTER_SECRET 1f20d8aa0281e26f0f8a10d13ff1c1c9ba008c4354ae0b128cef1a9044f563fa 0588d364116d4fd45b19e73e02006b873f23cb532c62c43bdeb523e77bca9380e7b7ad2abd96867051d730f8176d5e9f
SERVER_TRAFFIC_SECRET_0 1f20d8aa0281e26f0f8a10d13ff1c1c9ba008c4354ae0b128cef1a9044f563fa b52245c11502af0c340c37011fe6d644270cace0f93cb36cb3af6d76e1b5b2217f93c42317d3c6cead21be4e64c77ae5
CLIENT_HANDSHAKE_TRAFFIC_SECRET 1f20d8aa0281e26f0f8a10d13ff1c1c9ba008c4354ae0b128cef1a9044f563fa b09e42137da63b41831e1fab80a92eecebc1de70a73a2a333b409d7e29e29cf2b9294868470263da1b930ddb6a12d832
CLIENT_TRAFFIC_SECRET_0 1f20d8aa0281e26f0f8a10d13ff1c1c9ba008c4354ae0b128cef1a9044f563fa 09fe7e256a27b14fbc99c701bd33baaf1185a7672e89d60f349cf103850ae352b7823f382337cc89c006f7ae612d93ee
SERVER_HANDSHAKE_TRAFFIC_SECRET 005e75e4ee35b2a8cd097e5a8dbb2d1ffded6b423993e5bd52acae1f4c3bbbe0 9c1ce9673ff463f428bec78a599c921085a991a1d555953fe562f80012075ffb0411155048289f388fc09f067a1e37d3
EXPORTER_SECRET 005e75e4ee35b2a8cd097e5a8dbb2d1ffded6b423993e5bd52acae1f4c3bbbe0 4f1eb600cc8e76c7195acf05b7ef6d435dd58c3a19f6b48014f8389fb032d70867db7bd530795008ba0e93de58b5d9fa
SERVER_TRAFFIC_SECRET_0 005e75e4ee35b2a8cd097e5a8dbb2d1ffded6b423993e5bd52acae1f4c3bbbe0 94735a3d52665a7f66190fcfa39fe816c3d24cb99bdec432aae4afb503f8b71a5553d3bc0861e1c577cc4ed3657d77d9
CLIENT_HANDSHAKE_TRAFFIC_SECRET 005e75e4ee35b2a8cd097e5a8dbb2d1ffded6b423993e5bd52acae1f4c3bbbe0 41e317445e050359d9f70fa04ad233d6176198561117259c0af573b4bf3a142d30d2bfa09f6bc20b41c60b82339ffa2c
CLIENT_TRAFFIC_SECRET_0 005e75e4ee35b2a8cd097e5a8dbb2d1ffded6b423993e5bd52acae1f4c3bbbe0 1ad7067390f0be32fdf716a2063882ecdec2db03c5f9457a3c8ca50929898b209db2f848272dca3988d44db5ec9ecc8c
CLIENT_RANDOM ca9c16f8f13ffedf4f7f863576bcddc04f2cfc403476c1d80beada2e77a5aa82 a296ef55c4f19a8c39f13a7bf722224b9fbe1565d49ce884e0b361078084d14be55ebf545e1b864c0dd891f8bdcc6f5b
SERVER_HANDSHAKE_TRAFFIC_SECRET e2a2674efc8a3866aeaa41864b0af07774c0d6d950f2d76084fd4fb5fb245829 349fc659a23427fcb97845a86f830850f13460494d8485221e733cec8d4c79c7a18720f2868c9e2f8abaf5d01b3e8871
EXPORTER_SECRET e2a2674efc8a3866aeaa41864b0af07774c0d6d950f2d76084fd4fb5fb245829 885b41e1e553efa11d4508e8b076736ac6452e07aaa4b5ab7974aea67b10808a20f5d5cdb2253a5eb273e699bad9e340
SERVER_TRAFFIC_SECRET_0 e2a2674efc8a3866aeaa41864b0af07774c0d6d950f2d76084fd4fb5fb245829 64d8619ffe76472d0c8008caa385570e5ed9d01fc269bc5dafe3e05f62052a90973eb3b98788c4f09bdf8e876c839b44
CLIENT_HANDSHAKE_TRAFFIC_SECRET e2a2674efc8a3866aeaa41864b0af07774c0d6d950f2d76084fd4fb5fb245829 e3dfac70d8a0abfff9628ba619ebd0cc897f9b6ef6538ec74bcdd7f9063df10a6d1c4f34887bcc8a9d32effcf6ec0cfc
CLIENT_TRAFFIC_SECRET_0 e2a2674efc8a3866aeaa41864b0af07774c0d6d950f2d76084fd4fb5fb245829 66d69a0d4139442ceca7b6d78a0120566da532b6c1598b0c235d7aa731b6ba48ceb0471abecc1f82421b90885e90b4bf
SERVER_HANDSHAKE_TRAFFIC_SECRET d19519512063942f7a899b2ed72348d3aed9d3833e35825c1c8970c45cf0b2f0 175737add7d263cd3926a249dc69d7606f6f682640c9448208af116e6d7b7bde211e59a3c14803d0501f73b0ca95674b
EXPORTER_SECRET d19519512063942f7a899b2ed72348d3aed9d3833e35825c1c8970c45cf0b2f0 0352df590b5f47c0a4cfb0fa88911f537f1419345412580411a7f7c3d20dd00093b843288bf76d0f51ce138750f0405b
SERVER_TRAFFIC_SECRET_0 d19519512063942f7a899b2ed72348d3aed9d3833e35825c1c8970c45cf0b2f0 a5d1ca59f79d6cf02457afb0a1ce895c092f861361acce8ec12fe58f3807da9f607a34f090883289fa6803cdffb400fd
CLIENT_HANDSHAKE_TRAFFIC_SECRET d19519512063942f7a899b2ed72348d3aed9d3833e35825c1c8970c45cf0b2f0 7545c6c0f481f51033d4ee5adf85081b211cfe4cb48770ebf9e144eeac2aaf9aa1cdd1e07ecefa2ff62ffbde7bbcc0af
CLIENT_TRAFFIC_SECRET_0 d19519512063942f7a899b2ed72348d3aed9d3833e35825c1c8970c45cf0b2f0 19c525c914207aef2323a2c32f7109b7285a313adbede34f8b15133aa0cd2690d0187257f27204659cbc68309cb0e602
SERVER_HANDSHAKE_TRAFFIC_SECRET 22b981792c46d875951864ae1760d7fad1c9571c6e39a3f34fd70325f18ce4ba 11a8e57a2033eab95c7563474f75ddbbc42c27e9ee79a091dd2292c8f3e7f2eb1bf071eb0732caed93dc98b79ec999d7
EXPORTER_SECRET 22b981792c46d875951864ae1760d7fad1c9571c6e39a3f34fd70325f18ce4ba 8bb54a9a86233cc594cc0f6b247a6c76d3151645eb27226b05f3024770871340879bd91be96861735a06ae2156600fda
SERVER_TRAFFIC_SECRET_0 22b981792c46d875951864ae1760d7fad1c9571c6e39a3f34fd70325f18ce4ba 39722c0083f8b68df7ea1e3110a9633e3ab7406e38c9bc7b1a8fa4ea14498baf66826aff75e704cab5a76e54f51186d6
CLIENT_HANDSHAKE_TRAFFIC_SECRET 22b981792c46d875951864ae1760d7fad1c9571c6e39a3f34fd70325f18ce4ba 70503633510529d96421ad1be809733ab42d2e9790a8f7d4a3fd58d3ddb27512cbc9ef53ae0f4f60a0adf0b69ef608c0
CLIENT_TRAFFIC_SECRET_0 22b981792c46d875951864ae1760d7fad1c9571c6e39a3f34fd70325f18ce4ba 72395ef92e1fa359adf1099049024d16c716d2b5e7b982cbf84751a2229d95136e89f99f4dbd71fd6c243185781c9c83
SERVER_HANDSHAKE_TRAFFIC_SECRET 83f06ae0f29bca1fb790fae8c6d1be1e5b9cdc03e1f8596bf69b35129031c2b7 b84a2624505d02f259b57cf08bcd4b1483ce29349b40b55e6927cfaa8a4658c667bc6a5a83d20a74969ae019f272ddd3
EXPORTER_SECRET 83f06ae0f29bca1fb790fae8c6d1be1e5b9cdc03e1f8596bf69b35129031c2b7 a09466915d2071d4b36bfc87589b305f3e1d7a929f3a03efbb1fc0e5fffdc01b4de4038a7a0b4228ab1cc69250b49d11
SERVER_TRAFFIC_SECRET_0 83f06ae0f29bca1fb790fae8c6d1be1e5b9cdc03e1f8596bf69b35129031c2b7 4376d426b716a156f12a8c95635382acc867861550a96975ececa266fdcda217d4b115ffdd9ff0120f2ebb16ce91a646
CLIENT_HANDSHAKE_TRAFFIC_SECRET 83f06ae0f29bca1fb790fae8c6d1be1e5b9cdc03e1f8596bf69b35129031c2b7 9cd548b489d3952de333160bf8d9c2fc970864da618c5f61917e6642d766e28f82edfb7a39a962788b77b754116cf6ee
CLIENT_TRAFFIC_SECRET_0 83f06ae0f29bca1fb790fae8c6d1be1e5b9cdc03e1f8596bf69b35129031c2b7 bbde6667ab28feabe1193227c92879a548a63405b6a542cec85307bbcc55991de6660838fb754949d56eb479e6a515ef
SERVER_HANDSHAKE_TRAFFIC_SECRET 3cf9e3d566a008260badc5d4f9cc93d472d00743d6e32253ea5db6bbe7491b31 103c6af1662b8b584a52a4b16a1c8eb652272b71e1236d33ddcfb83082eea12d0fd54fae3350fe4c4a3e28ec458c22be
EXPORTER_SECRET 3cf9e3d566a008260badc5d4f9cc93d472d00743d6e32253ea5db6bbe7491b31 9277fb6c5df6f09315471dd2ffa22d70f8b2c6e4a7b419d102885e8a23c9b64910aca4f5040f277389d8b8464463d826
SERVER_TRAFFIC_SECRET_0 3cf9e3d566a008260badc5d4f9cc93d472d00743d6e32253ea5db6bbe7491b31 13d015056e20c8d98408aa8b77be46ed86e8e7849c2e26573c4959c05022f966b60822f706bb8789f03ad0c03b8399e9
CLIENT_HANDSHAKE_TRAFFIC_SECRET 3cf9e3d566a008260badc5d4f9cc93d472d00743d6e32253ea5db6bbe7491b31 6a540bc8887f951196117c7c9dd873fef3f204422446610f607d2f5146f4ada45b379a526f1ad13caa3a3d3315013c38
CLIENT_TRAFFIC_SECRET_0 3cf9e3d566a008260badc5d4f9cc93d472d00743d6e32253ea5db6bbe7491b31 72efb5ba2e8a6cff068371cbd35f3584ce4c14c886f29d839897d84f05eccfac15af15fe8eeb183813f7e2ca8243e38c
SERVER_HANDSHAKE_TRAFFIC_SECRET 42a771da5b3be0a7a2329a8bca40bbe2a9d464cd4b778c08c572282a5b2e25c1 d7101d33f96c9d854cbb9f9bdb12bc21170581dca74882ccf62b05d8b748922e6b06bd4caafb6e9eb8516b0915f91284
EXPORTER_SECRET 42a771da5b3be0a7a2329a8bca40bbe2a9d464cd4b778c08c572282a5b2e25c1 cb8b774cd9413896b76621c1819503c44835cfe57404c9e438e4a9e208547661c88bd982f8a1322f1e34652719b3996d
SERVER_TRAFFIC_SECRET_0 42a771da5b3be0a7a2329a8bca40bbe2a9d464cd4b778c08c572282a5b2e25c1 716f72312c5eef1a7b793e5ce3f14f5ee1b2d3c657b6a9ba707df365b941182dad893883a5a0b3c9e21b89bac29645cc
CLIENT_HANDSHAKE_TRAFFIC_SECRET 42a771da5b3be0a7a2329a8bca40bbe2a9d464cd4b778c08c572282a5b2e25c1 8a65575edacfcfd51e1d0819bf661e20b8d446fd2f53ef5feaa702f7739b5a9eaaeca40b88631609935520e0b313b7b6
CLIENT_TRAFFIC_SECRET_0 42a771da5b3be0a7a2329a8bca40bbe2a9d464cd4b778c08c572282a5b2e25c1 49f214d89be924e61bc1be314a09f7b7c8c6337c87ec7593d1ad2b4bd349247005f3f7ab05865ff378265c8b479028c0
CLIENT_HANDSHAKE_TRAFFIC_SECRET 5f923fdc3156f0c6aa7565b49fe6cf8a3c56c7220c56959c8895cc94d6811e21 ab50ac64045c9d8343b631db0d7e40273a68b0c60220989ba1071a7f7661c44673446747a8f92d63aa24aa07363f282a
SERVER_HANDSHAKE_TRAFFIC_SECRET 5f923fdc3156f0c6aa7565b49fe6cf8a3c56c7220c56959c8895cc94d6811e21 455562d3255d4f87361a3cc64a7e0f6b471c69e5ac35fd9cc69f9fd76c72c33552904a090f833161f17d5d90d62ad4e7
CLIENT_TRAFFIC_SECRET_0 5f923fdc3156f0c6aa7565b49fe6cf8a3c56c7220c56959c8895cc94d6811e21 7c5c78da3f9c7d7a3a1b56eaa428a56aa1cd660ac5658d28ef2d308503a08219d5e35a1440a160aedfe62e1d33914400
SERVER_TRAFFIC_SECRET_0 5f923fdc3156f0c6aa7565b49fe6cf8a3c56c7220c56959c8895cc94d6811e21 c5d020e88663033ea226304582c13a433adae28605ca0b521b467571d4b042629b23ee753fa2b4b408a88dd76108b3d6
EXPORTER_SECRET 5f923fdc3156f0c6aa7565b49fe6cf8a3c56c7220c56959c8895cc94d6811e21 deb50d6ec0229ffde9cf25d4567cb587d352d001ee52d29452653a7670b3cdf8647cc6775be073ac37fa2d7cf123d101
CLIENT_HANDSHAKE_TRAFFIC_SECRET 3dd909dd9587cf1dd92d1c934b343525b8ab4e5901d9505fcccc6d76f9921890 fa5ddc11434c4ae67d4b256848acba9768f6660b13d39c4e80a94b52a9761d4c
SERVER_HANDSHAKE_TRAFFIC_SECRET 3dd909dd9587cf1dd92d1c934b343525b8ab4e5901d9505fcccc6d76f9921890 01082a0dbc783d832b0ef0061d7f7acaf98fbcd80428f1dd7f136ab359e41a7b
CLIENT_TRAFFIC_SECRET_0 3dd909dd9587cf1dd92d1c934b343525b8ab4e5901d9505fcccc6d76f9921890 5884e28d6cd24341c55ba9e7a0d4e56b71eb010891db6943b67b9e5684e4961f
SERVER_TRAFFIC_SECRET_0 3dd909dd9587cf1dd92d1c934b343525b8ab4e5901d9505fcccc6d76f9921890 4fc26dfed0966162da808fe1b35653d326ef3030f06ac980f2fa83046502da71
EXPORTER_SECRET 3dd909dd9587cf1dd92d1c934b343525b8ab4e5901d9505fcccc6d76f9921890 cd81c1b0e7bc020b5922ca33b930f574551f4d8cdfaa4615f16e9942c9c28369
CLIENT_HANDSHAKE_TRAFFIC_SECRET 99882ca3a3a348abe9384268e5e1f75de59a80580ebccb8ee0c865bcc6584788 ef88dbfb5895f468f2e0aeb37267c5d28b01f93a4125140eb3c476ceb6579981
SERVER_HANDSHAKE_TRAFFIC_SECRET 99882ca3a3a348abe9384268e5e1f75de59a80580ebccb8ee0c865bcc6584788 37b6ddf6d0165398b562822675ef53a14172183fa8b823240fe5d5fbc8c590e7
CLIENT_TRAFFIC_SECRET_0 99882ca3a3a348abe9384268e5e1f75de59a80580ebccb8ee0c865bcc6584788 be8b81771f2a8e8194d80c57d7d1689af6277aa882a5b61c5ceca3cd60a9e0e8
SERVER_TRAFFIC_SECRET_0 99882ca3a3a348abe9384268e5e1f75de59a80580ebccb8ee0c865bcc6584788 2da41203a5c1f8b715d7218de19041abc37d9863a4d0473c04cdb57d154e06c4
EXPORTER_SECRET 99882ca3a3a348abe9384268e5e1f75de59a80580ebccb8ee0c865bcc6584788 9f19fc97cd03a816f7322f8380577b9472435dfa68098ba29d60d4430ae421b4
CLIENT_HANDSHAKE_TRAFFIC_SECRET 8b34ced427b602473e19b31b617115861de2627095295daaa7e0ea58a731285e 36d77638863e0e270fe6cecf16c56df6b08d98d5c61cd3f6a31ea65b98684c5a2715bddf0f7a1c93e7d701e65c200578
SERVER_HANDSHAKE_TRAFFIC_SECRET 8b34ced427b602473e19b31b617115861de2627095295daaa7e0ea58a731285e 62fc1a7731f13c0fdeaaa6d850c95a7a81f179ec88ff14ff632e4ac2cae09ed817f6cd0921837ff8bc8b81943cb54405
CLIENT_TRAFFIC_SECRET_0 8b34ced427b602473e19b31b617115861de2627095295daaa7e0ea58a731285e 05ffa48f35b908820d9a44751758b569a16acf4f78822ad8a2d9ea4ede7bf743dbcc525376d965d339393615b650ba2c
SERVER_TRAFFIC_SECRET_0 8b34ced427b602473e19b31b617115861de2627095295daaa7e0ea58a731285e 6979601bbbff025851888d0a17ae9eeda23a335ed18f606b5013cbe263ae8dfe53704885001d8840ca318817c9d91674
EXPORTER_SECRET 8b34ced427b602473e19b31b617115861de2627095295daaa7e0ea58a731285e 5e414865850f9b4bf8f9ac034a31f696bdf967fb62a0200b48bcdc14f75a6880fef6cafdaefdfe411d8bcbc74c9b9621
CLIENT_HANDSHAKE_TRAFFIC_SECRET 6772c8542a8eebd397751f269dbf70afc82c012bc861d1f40baedf50d3f95647 d11688b48f7d523ab1df42d4ccbffe3496663366241f6f2b07cd99c6acfd9c0d
SERVER_HANDSHAKE_TRAFFIC_SECRET 6772c8542a8eebd397751f269dbf70afc82c012bc861d1f40baedf50d3f95647 96b0f032895071daaa1f72995796b8083dac94b098bca5c88adb774e4acada4c
CLIENT_TRAFFIC_SECRET_0 6772c8542a8eebd397751f269dbf70afc82c012bc861d1f40baedf50d3f95647 68ef5f13de89517667e5904635dc1eec65aa47874e41793a1dcd00f0843635a8
SERVER_TRAFFIC_SECRET_0 6772c8542a8eebd397751f269dbf70afc82c012bc861d1f40baedf50d3f95647 15e714adb542f91dfec877094042a20be63b3dd1764686908beaba1f6220265a
EXPORTER_SECRET 6772c8542a8eebd397751f269dbf70afc82c012bc861d1f40baedf50d3f95647 d3e4b45134c9f79959371a6eaea3dd548dba3f081cd5e287b124bea8a8f1681f
CLIENT_HANDSHAKE_TRAFFIC_SECRET d09baf2923f51c39a9249ef4f301278030279de25f9bf7e754ab17296a212566 c526d4ddfc5a440647a1fb28d2f74f55737514bbcae677870dc1e72274d17df3
SERVER_HANDSHAKE_TRAFFIC_SECRET d09baf2923f51c39a9249ef4f301278030279de25f9bf7e754ab17296a212566 686e2957973c4f01cf5a96f802325b619004b6b81503bf111f82c4058ec0731c
CLIENT_TRAFFIC_SECRET_0 d09baf2923f51c39a9249ef4f301278030279de25f9bf7e754ab17296a212566 33e92669478c7fdb9d5a98746078c350366457cf174f70be8e7a410b9de184ff
SERVER_TRAFFIC_SECRET_0 d09baf2923f51c39a9249ef4f301278030279de25f9bf7e754ab17296a212566 7a0d017d3a32625a791582d5e8c60b4a1a9dafb9969822221d1a713292894bcf
EXPORTER_SECRET d09baf2923f51c39a9249ef4f301278030279de25f9bf7e754ab17296a212566 6848ec0c4c05e7b47b53ddbcb25b0cd6ca212059329b47a2d5b68ecc52e77c78
CLIENT_RANDOM 524bc04ca73531d6ecf5fb56353b99d856b750d43f6ab68b8d906abdb781bc34 2d6781ba0a5a6384f40cbaed0392bec5cfed7b0478a37fb4d340b73804a6fc7556ef3deae8a9ff1f8ab4a38d966d338a
CLIENT_RANDOM 95e770e7cc483c3331f50ef1641c34d2d1d023efd095811f8871a6f6112dd823 85776bf076e2bff1a3900f2cd5ccb3398b0b7843b28c05f65eeb26d396f60d7b5b2e50494b23d5593344ae972675e8fd
CLIENT_HANDSHAKE_TRAFFIC_SECRET 1da2586da04cac3290c4f2dec288fbae5c30d6797124c17f5c4b8bec1b7123ef a809027180c39fc6f1faf9f4205b65c005cfffd539d33371c6e6704ed91537ee
SERVER_HANDSHAKE_TRAFFIC_SECRET 1da2586da04cac3290c4f2dec288fbae5c30d6797124c17f5c4b8bec1b7123ef 0004b83326554c7a5edce9c27bcf6821e01f23d5717cf5cb2bcc0ef5b4ffb668
CLIENT_TRAFFIC_SECRET_0 1da2586da04cac3290c4f2dec288fbae5c30d6797124c17f5c4b8bec1b7123ef 7a57a66845234cc65b9275765e9723633654581c5ee184623f56a7de668d306e
SERVER_TRAFFIC_SECRET_0 1da2586da04cac3290c4f2dec288fbae5c30d6797124c17f5c4b8bec1b7123ef 123eb6cb5d4016f1406869c8480d35c8323c7207f27eef5b0cb52230351e02a0
EXPORTER_SECRET 1da2586da04cac3290c4f2dec288fbae5c30d6797124c17f5c4b8bec1b7123ef 30cf9cb109e4a4bc50953628ebdbc0c713bdd88d5f85a740a95ea34ca61f3396
CLIENT_HANDSHAKE_TRAFFIC_SECRET 65e68eefad1eabb6652d02000969ae818985b9d1ae98632d92b2d9cbb8f9edf4 a19db7897e98a9b0b4e4d5603a8eebd7ab00a66194814f51511bd92784e033dd
SERVER_HANDSHAKE_TRAFFIC_SECRET 65e68eefad1eabb6652d02000969ae818985b9d1ae98632d92b2d9cbb8f9edf4 e5de3548c47da454ef70e39af5df32d33478372484fd7a45f3f6be1814b4cff6
CLIENT_TRAFFIC_SECRET_0 65e68eefad1eabb6652d02000969ae818985b9d1ae98632d92b2d9cbb8f9edf4 884dbe759c659a0cb8e8a956fad3b002f4f79e0c00635a513c999d511574561a
SERVER_TRAFFIC_SECRET_0 65e68eefad1eabb6652d02000969ae818985b9d1ae98632d92b2d9cbb8f9edf4 1250fee8e771d29abf3834b38bf0b5fce613c9ad350e4e201be20136c2503a39
EXPORTER_SECRET 65e68eefad1eabb6652d02000969ae818985b9d1ae98632d92b2d9cbb8f9edf4 709319fb43fe31b1c99324673b347d2f3e5b16e3e7ed5b51c0bf1e50d50b2ee7
SERVER_HANDSHAKE_TRAFFIC_SECRET d211824356de873ae0a32eafbf15d8a129e8c5cc875954ecad38ea59838f7d61 66985c177de7ca9ebbba5ae466cce44740f635f023c4c35720d560d0a408016a1c883ee7719320e93f488b7960c09199
EXPORTER_SECRET d211824356de873ae0a32eafbf15d8a129e8c5cc875954ecad38ea59838f7d61 4ab23a7069eac7e65b35cd1b0a8013cd8f08bd37984e7e554a1f0164d238213b4fcc16aaa81559798e4893e71f89dd62
SERVER_TRAFFIC_SECRET_0 d211824356de873ae0a32eafbf15d8a129e8c5cc875954ecad38ea59838f7d61 2acedc4ffa93fd4605ff9e8e1ce431515ff50f3438bc9ac4ed62c1cca84b50539bea2951644d289275b029c6dd6d0e1a
CLIENT_HANDSHAKE_TRAFFIC_SECRET d211824356de873ae0a32eafbf15d8a129e8c5cc875954ecad38ea59838f7d61 3339310762b8c4eac35430170e1c65b433beb6e75e81a1e290c208de1dd368542658c8ffc37bf1b4544bfdcfa6f12b26
CLIENT_TRAFFIC_SECRET_0 d211824356de873ae0a32eafbf15d8a129e8c5cc875954ecad38ea59838f7d61 57b2642ad57673321c6f3b1654d9f4f853dec4f3a48653ec3f7e919314890101546523c03e15a096a745ae508caaf6ec
CLIENT_HANDSHAKE_TRAFFIC_SECRET 42c75c18a2157ffdda3d04ce68f1f91785372fb4ba2c02ef147e3f0ea0309f34 ac419abf5933eca327ba301f2030e807731f64a5d3b6b03a2590fda1b416f1d3
SERVER_HANDSHAKE_TRAFFIC_SECRET 42c75c18a2157ffdda3d04ce68f1f91785372fb4ba2c02ef147e3f0ea0309f34 1692cc1d607a50e216e23fd5165348955ab1c486414acafd345bf5a53a440eda
CLIENT_TRAFFIC_SECRET_0 42c75c18a2157ffdda3d04ce68f1f91785372fb4ba2c02ef147e3f0ea0309f34 2b2a419e773c513c6f726f98c9205c53bc37433ce21b1424ce24ef0b28e00020
SERVER_TRAFFIC_SECRET_0 42c75c18a2157ffdda3d04ce68f1f91785372fb4ba2c02ef147e3f0ea0309f34 3bb10c2f0b3154c0cafe03fb736ebe46dc3e1b8d5d12e1d186503199f529951b
EXPORTER_SECRET 42c75c18a2157ffdda3d04ce68f1f91785372fb4ba2c02ef147e3f0ea0309f34 d10cb30f04112a9d270634fe5e1785365613f9922990607dac06b40d6137a630
CLIENT_HANDSHAKE_TRAFFIC_SECRET 85d333eab89c65961966cd2f824850ed41567171f349b48925457b1bab193009 be893e856425c3f405839ed67dcd5d44e3926ebcac7d30a404ec7b62717cd5af
SERVER_HANDSHAKE_TRAFFIC_SECRET 85d333eab89c65961966cd2f824850ed41567171f349b48925457b1bab193009 b3fbceb247ad4623e5734a6c2124cac58c6efd36f63d1adc68a8580152d71ff0
CLIENT_TRAFFIC_SECRET_0 85d333eab89c65961966cd2f824850ed41567171f349b48925457b1bab193009 a9045d5b8b92d966e3c820cf39d6f8a39a2d06fcb968ac5a67826de260206bb4
SERVER_TRAFFIC_SECRET_0 85d333eab89c65961966cd2f824850ed41567171f349b48925457b1bab193009 3e8496658108c1f69d1982b2a06f8fc1fdf38c3c3c7a991f728f7ea7fa101347
EXPORTER_SECRET 85d333eab89c65961966cd2f824850ed41567171f349b48925457b1bab193009 7379d53554090d5a5dd9d0d32a3cd4b93758f3ca9519a8b94abb145a9cdbd62e
CLIENT_HANDSHAKE_TRAFFIC_SECRET 78155a826c5c409b41a70025a8cbf91654a314a047ab71cc23d79cb4125748b2 9d9c161ddee24845b49eaa12afd85fab5d48ab37a80900d5740975ddb9851b98
SERVER_HANDSHAKE_TRAFFIC_SECRET 78155a826c5c409b41a70025a8cbf91654a314a047ab71cc23d79cb4125748b2 d64283b543e5e8aa3cb8e04a2ff4e77690f95e4c57189ae9776991d6cb05361b
CLIENT_TRAFFIC_SECRET_0 78155a826c5c409b41a70025a8cbf91654a314a047ab71cc23d79cb4125748b2 a88693abdd64ad42b7222d7063be126db49d6f01c4bb15443b832de512b4949a
SERVER_TRAFFIC_SECRET_0 78155a826c5c409b41a70025a8cbf91654a314a047ab71cc23d79cb4125748b2 12d1be2d0d00c63ecfdd8c46167b63810b10a01f1bbcbadb1bf5d78f8ca1be61
EXPORTER_SECRET 78155a826c5c409b41a70025a8cbf91654a314a047ab71cc23d79cb4125748b2 f01b1d260b2b84406aff6348cda84f84f237edd943a69c9976b48d8e2d8bff86
CLIENT_HANDSHAKE_TRAFFIC_SECRET d297f9ad811334696fe2df24baeafa8cafe6154d76cd882f65cfeceec2975a1a d26e1a8273ec46f58eb7310b70e847e46eefd9d0c5e76c0ed63186d3a52d941c
SERVER_HANDSHAKE_TRAFFIC_SECRET d297f9ad811334696fe2df24baeafa8cafe6154d76cd882f65cfeceec2975a1a bf954bf0ef0c82df0fafcc28764f6c4c50fa9c58d9b82312f50c0abfad81f098
CLIENT_TRAFFIC_SECRET_0 d297f9ad811334696fe2df24baeafa8cafe6154d76cd882f65cfeceec2975a1a 6d5d9ba34d704a469ab031357b7c8620f3a44709ae257d43657e9dcec7e5c570
SERVER_TRAFFIC_SECRET_0 d297f9ad811334696fe2df24baeafa8cafe6154d76cd882f65cfeceec2975a1a 1d654ff9b4ff3143298d7a603a1e3d5ec193bf04fe8f153f6f5239a0386382e6
EXPORTER_SECRET d297f9ad811334696fe2df24baeafa8cafe6154d76cd882f65cfeceec2975a1a 1e5b7af8a7451504b5503611722ea5b3ba942cd777a48dc7962c8003d183c246
CLIENT_RANDOM efc9f81d57cbaaad03e1924b5f804a74b8720ba2a57065d5f34c12e2667ad47c 4a4facfa0433d9825041fa3143b591b7b56425249f7aaf8345108eeb3354c8ffc80bc824ce0778a0afdadebc2df01dea
CLIENT_RANDOM 3035281c09677b8b5009417c0e2738994b8190aa436ac02c3539281b7ba65fa2 2d6781ba0a5a6384f40cbaed0392bec5cfed7b0478a37fb4d340b73804a6fc7556ef3deae8a9ff1f8ab4a38d966d338a
CLIENT_HANDSHAKE_TRAFFIC_SECRET a058937bedbcd720eb93ae080a2bf5bb167a346e0702be6b66f4aa75696822a4 c3c1e2e2648752bbc845a3c4c9130b1bb60976893d4bc0d6d018a72d58b8d6e3f71f39e8e237023f804b3dbde94485bb
SERVER_HANDSHAKE_TRAFFIC_SECRET a058937bedbcd720eb93ae080a2bf5bb167a346e0702be6b66f4aa75696822a4 476a02c4fc17489e0028c53a5aa51b7971eeb3905a86225b975eed7bbd1e383e00de96e2e871d5616ff3c5836a39d137
CLIENT_TRAFFIC_SECRET_0 a058937bedbcd720eb93ae080a2bf5bb167a346e0702be6b66f4aa75696822a4 24c92cbfc2316a7ddf9d0ddb083a7c826fdf8796f8c1b3095a0bb24238072e468d0e67a78e8bd2b8eb1ee68b3799519e
SERVER_TRAFFIC_SECRET_0 a058937bedbcd720eb93ae080a2bf5bb167a346e0702be6b66f4aa75696822a4 7dc9b690a7e9ccb817e124c4b0633644b805f05c2c4f62e402096ca2a25851f8d174c086a7bb5df6b0c2de377f09bf50
EXPORTER_SECRET a058937bedbcd720eb93ae080a2bf5bb167a346e0702be6b66f4aa75696822a4 9ac5b9e33cb886d230fa8298c60ba9a4b8177f13d0e0a017b7a57a1eb8ef7836a6c3ce934df115ba8a2f005e90c15a2c
CLIENT_RANDOM 68e70f82800b1c382bb06e0f61937a1323e5b4d20be06de260b278f779137964 0ffe2b7ca07d4202d214bacd4084ef87c5ea8a0492997a3f7bf716049ca8559cd49d5fb5b83dbfbf313e1ef2c91972d1
CLIENT_RANDOM d9975d73ff1f7bafa694f3ee2a48b7cc7115d1daf64899ba52645176dd8d40b8 744c13def49ae7557308e0951d4ea36ba132d90f5f4e4fcf08198f8489963702c85ad8dfcd60fbf0d8c3238fa83be525
CLIENT_RANDOM 83e3de62a56071c1737222446582c63cafa3187b034c5250374a1544f88d26af dc8b1c6072ba7efc0f0e7774fc8837af7ed1cfcce5d379687d80c619b8bd19d20feecbc73cf6742b7bf92b46bd3c9a98
CLIENT_RANDOM fb6d46e03cf29c2ab69440eeaeddb5472b0f2c82839559c2d154bc1bc8c2c306 afed85af8a38e59e2ebed27dd62a9000b10414acc71676c8fa4685c384f82f73b35c8f3689611afda84195a802b0dced
CLIENT_RANDOM a2841ac3c387d9dfa0e1f76bdc8f095b06c1bc6af6335f6d5a620fec2d34acb1 2d6781ba0a5a6384f40cbaed0392bec5cfed7b0478a37fb4d340b73804a6fc7556ef3deae8a9ff1f8ab4a38d966d338a
CLIENT_RANDOM 7a79aad78f4935e2bfdb92b604f472d7712831cb6c60e2aa9b0f2381954c8971 4a4facfa0433d9825041fa3143b591b7b56425249f7aaf8345108eeb3354c8ffc80bc824ce0778a0afdadebc2df01dea
CLIENT_HANDSHAKE_TRAFFIC_SECRET bc15e4a1c899a6d3b599f5448bf168e3cdbb1e9c0e2542fbbae6e170f1a8e0d5 69d8b687d96bbbecf4ce4fcb5615a68459ab56afb77adb19f24e1efb3981839c
SERVER_HANDSHAKE_TRAFFIC_SECRET bc15e4a1c899a6d3b599f5448bf168e3cdbb1e9c0e2542fbbae6e170f1a8e0d5 0d7c61e6354b66bb8267f7b6694ff2e46ee9b7a836661b346260d3993527c624
CLIENT_TRAFFIC_SECRET_0 bc15e4a1c899a6d3b599f5448bf168e3cdbb1e9c0e2542fbbae6e170f1a8e0d5 84a0fa5ac6061eb8d613ee2217e6d0c5c0f9567ce157359d17dca17aaecde60c
SERVER_TRAFFIC_SECRET_0 bc15e4a1c899a6d3b599f5448bf168e3cdbb1e9c0e2542fbbae6e170f1a8e0d5 37155219579de5bb62f01c01a9b5c29e4dc4986439c36f3e1238368aa7008b20
EXPORTER_SECRET bc15e4a1c899a6d3b599f5448bf168e3cdbb1e9c0e2542fbbae6e170f1a8e0d5 1b2362cfaef3dec04dc13142ba8e433c13e51843cfdb2f832d27504b14a66b28
CLIENT_HANDSHAKE_TRAFFIC_SECRET 4eefee862f24fd92c36dea7b364bae88d7c877c5afd9d9f8912c883be634df13 f4593991ea8c3f8322a580cc7a6e619967c1e71b6ab17e755c2514838268a07b
SERVER_HANDSHAKE_TRAFFIC_SECRET 4eefee862f24fd92c36dea7b364bae88d7c877c5afd9d9f8912c883be634df13 3ea2904485dc8a9635ff80c395196127f2586ee5722a9fc1ffee0dd4f9e0fe80
CLIENT_TRAFFIC_SECRET_0 4eefee862f24fd92c36dea7b364bae88d7c877c5afd9d9f8912c883be634df13 f1f0da104aa9f5ff577bc43b3737c47ee8ed6bebe3b11de509e18973f2c38b37
SERVER_TRAFFIC_SECRET_0 4eefee862f24fd92c36dea7b364bae88d7c877c5afd9d9f8912c883be634df13 fbfdf56c6fcf071e71389a8abd1d28019e4aa3b0b24524a9a7198a035291be22
EXPORTER_SECRET 4eefee862f24fd92c36dea7b364bae88d7c877c5afd9d9f8912c883be634df13 ca86fe22f385853c2b44ca0ccb0baf8f1d585a11d3e30d03fe7efca8bfeb2f46
CLIENT_RANDOM 68e70fae5761adba03786457142ada71b55d9488d2548e61f9ee763fe2b7f439 24d587556b76a07b68e81733fbba70f502bb6479eb3cf188e028e8feba09ccb70b9476a8a9debb2c412c408714213e52
CLIENT_HANDSHAKE_TRAFFIC_SECRET e90855ef6c416b822b0da49b9b340b2c7cbce966abb9ceb05baed79a606d9ec2 d1aeb5aef8b1b1ff9be61c370fe2ee2034007e39d1bd6719188a767c764b417d
SERVER_HANDSHAKE_TRAFFIC_SECRET e90855ef6c416b822b0da49b9b340b2c7cbce966abb9ceb05baed79a606d9ec2 5cfe880362fdee1649aec0cc0257c84d0df79b50bfd096b00efce346d7bb1d9d
CLIENT_RANDOM 325d6a51e3c430acfdd2688dccdb7e31556486467df497b25a517e5cdd297c5c 0ff388d07d6368db6dd49ab71dd3e8e4c905e7dff58c15715688c37a459cca4a9f6b71fdcb07e4321f14cbead9778e07
CLIENT_TRAFFIC_SECRET_0 e90855ef6c416b822b0da49b9b340b2c7cbce966abb9ceb05baed79a606d9ec2 bc2cf560181b319932faa90441333450a38261056f64fb821a8131587ef994ee
SERVER_TRAFFIC_SECRET_0 e90855ef6c416b822b0da49b9b340b2c7cbce966abb9ceb05baed79a606d9ec2 b5eba8a989415601c6bf6b08ddefc9171e6aaf229f3bd4405bd55ddaa7057fb2
EXPORTER_SECRET e90855ef6c416b822b0da49b9b340b2c7cbce966abb9ceb05baed79a606d9ec2 ac92f54f6623aaad9babb693c6f5a544dd83bcbf201f2513feef422c0fc883dd
CLIENT_HANDSHAKE_TRAFFIC_SECRET 7865fd92050213b84e1705e5548efe6b42e76146a40e1d805a8a95ddd2c7e77e d672973e2be62f2a7e7bdc127a1102ec34bdc66fcbe06cee8c603cb228c462be
SERVER_HANDSHAKE_TRAFFIC_SECRET 7865fd92050213b84e1705e5548efe6b42e76146a40e1d805a8a95ddd2c7e77e 9ac369d5281f27b70723ddc347c01cdd01d808834c84ab7d995ff0d3a0a7b535
CLIENT_TRAFFIC_SECRET_0 7865fd92050213b84e1705e5548efe6b42e76146a40e1d805a8a95ddd2c7e77e 8aa8702ffa21ff00298938dd8bf6b75134de705a251738c837f4c4216afecfef
SERVER_TRAFFIC_SECRET_0 7865fd92050213b84e1705e5548efe6b42e76146a40e1d805a8a95ddd2c7e77e 5125a55e0a27a1f581d3e9d03fe32e310969229cc599ddbfc43f103bbd91d9a5
EXPORTER_SECRET 7865fd92050213b84e1705e5548efe6b42e76146a40e1d805a8a95ddd2c7e77e ffde4ac8c47a347793daace1c3d87500e358c4cfb5498ea79ea4364141d51c69
CLIENT_HANDSHAKE_TRAFFIC_SECRET daeb1f6685ae6321676bfd3bd9dccc10bad527b7db6bfdbb2aefddad2f982aef 530237500c7ccae20f1211bcb15cecdbc76ec23ea8911115d414bf8059c5479e
SERVER_HANDSHAKE_TRAFFIC_SECRET daeb1f6685ae6321676bfd3bd9dccc10bad527b7db6bfdbb2aefddad2f982aef b07a4da3137a7d2547537f6e0530e571c8eec490f396eb27abf2f777138738e9
CLIENT_TRAFFIC_SECRET_0 daeb1f6685ae6321676bfd3bd9dccc10bad527b7db6bfdbb2aefddad2f982aef 26b8ba661284a097115b7f47ef8cb023e1bf0fb963feb962229b4e3ac999921d
SERVER_TRAFFIC_SECRET_0 daeb1f6685ae6321676bfd3bd9dccc10bad527b7db6bfdbb2aefddad2f982aef cd2ac306075c9d3a49fd4787f5cfa918523184fc11e7e7a3696e173f5625ace4
EXPORTER_SECRET daeb1f6685ae6321676bfd3bd9dccc10bad527b7db6bfdbb2aefddad2f982aef 0a6a775cac4f8885a995806b9e093d058bf2af246f58aa16c116ac12ef58288c
CLIENT_RANDOM f440bec64eb70b1299c4e587b7ee4a9592eebd750d0352fdc929627c35a5384e 19de3384da1721bf2cf8a6a374a93d5ad704359ded6621f45676a60a2add42a316821dbd148879af92ea8c0b3bcb3510
CLIENT_RANDOM a758277f1fd71e85c7344bd5736ddfdd8f2ae2b7d01c7585680461eff8819706 4a4facfa0433d9825041fa3143b591b7b56425249f7aaf8345108eeb3354c8ffc80bc824ce0778a0afdadebc2df01dea
CLIENT_RANDOM 2322c4c4b09fb4919bbf11afac4bb41320b181b6f0a9b1367d0710191d847a45 07ed87ed2d66fdb75e0af7de93ff71cffe89831accfca89b6a1fd86820321dad4c965559d02255fd7b33454a16d1f34e
CLIENT_HANDSHAKE_TRAFFIC_SECRET 21abd9c0c625fa3d2ed008c6e8e80c725368eb08de43471d7e7cfdbd36a0f17f 42ef0c094a16c25e20860ed65ae4fa5cf80f275e664057da293f819b369e3cd5251c1c4531a8bc895f5b38eaa8bd912c
SERVER_HANDSHAKE_TRAFFIC_SECRET 21abd9c0c625fa3d2ed008c6e8e80c725368eb08de43471d7e7cfdbd36a0f17f 86d0dae15defd97f6201345a14fde95f4ce789d591eedb8013898503a07b3132886481111e712fd4b91490a56af64789
CLIENT_TRAFFIC_SECRET_0 21abd9c0c625fa3d2ed008c6e8e80c725368eb08de43471d7e7cfdbd36a0f17f d1bb0f27839b52aca2ba7fe5c1294e8d1524eb0834fa4bd520f31c2ad44635a0dfd12363800a57b1af2ca695da908b5f
SERVER_TRAFFIC_SECRET_0 21abd9c0c625fa3d2ed008c6e8e80c725368eb08de43471d7e7cfdbd36a0f17f 6cd718f6d7240923b5227a3246de92fed3e32c85b9e53cb9c1375f879f4b3a2b448ca6e948258b43ad89e739e0b641d5
EXPORTER_SECRET 21abd9c0c625fa3d2ed008c6e8e80c725368eb08de43471d7e7cfdbd36a0f17f 757f8bf86aed435fd70721b997757d21b451918af57db04b325c1e55cef2e65d214823419e4d9f0578beb29138166111
CLIENT_HANDSHAKE_TRAFFIC_SECRET 9db2a7b9e98029583d708dd67ba100c2d4cdca2cd6dfd879c4160a223064e36c 1b6c3da83c06abb8965201adbb824501de6878c2c78d5e7c2df34e4bcb41bdfb86f1d93e208b231b3a36536445a7d764
SERVER_HANDSHAKE_TRAFFIC_SECRET 9db2a7b9e98029583d708dd67ba100c2d4cdca2cd6dfd879c4160a223064e36c ca6d51d99bd421b54126ac59b4315b5cddbc25aaeea06b4e87c025bb767e5eb1858e8a2dba3611515b17843eee28640b
CLIENT_TRAFFIC_SECRET_0 9db2a7b9e98029583d708dd67ba100c2d4cdca2cd6dfd879c4160a223064e36c 1c3a6c8b0df34ae954a68677469b469eb9d89624ada312f519a235c7941fb95386fafd6dfc486099869bec0f8335af17
SERVER_TRAFFIC_SECRET_0 9db2a7b9e98029583d708dd67ba100c2d4cdca2cd6dfd879c4160a223064e36c ebdb8e949e081f34bda43dd9cda90b52fee21be5130e48f63f4fbd0ece5b96b5d0b174cb15409eb1be45c84b851b178b
EXPORTER_SECRET 9db2a7b9e98029583d708dd67ba100c2d4cdca2cd6dfd879c4160a223064e36c 8f879054b4109471f2b35d78e4430a09351bc6ea6391a70c92cd195f1cf45b72b858e3f8bafb677c52e66e2345090ca3
CLIENT_RANDOM e8d4da0ce509e15ca4c49d06adf2098529ab5a214355bbe00ee33191e1e83580 4a4facfa0433d9825041fa3143b591b7b56425249f7aaf8345108eeb3354c8ffc80bc824ce0778a0afdadebc2df01dea
CLIENT_HANDSHAKE_TRAFFIC_SECRET a07d93c49b866ed18db3307a6e46e324da173fa31f0b4e1baba796abe2a8ebdb fee0b46bfcb906d08a5a474c4e470d5bf76b9afdb4da381010a1723e8cadbc8c
SERVER_HANDSHAKE_TRAFFIC_SECRET a07d93c49b866ed18db3307a6e46e324da173fa31f0b4e1baba796abe2a8ebdb e2127fd8e4a16196a95c7cc7fd7a4f652728f18287fd613f6e7ab0ceefcba993
CLIENT_TRAFFIC_SECRET_0 a07d93c49b866ed18db3307a6e46e324da173fa31f0b4e1baba796abe2a8ebdb 6f3c5c75471e64b0f044d76fe023c98b5757fb067f6187d3b17f55c23e4110cd
SERVER_TRAFFIC_SECRET_0 a07d93c49b866ed18db3307a6e46e324da173fa31f0b4e1baba796abe2a8ebdb 9b41e0d1e85cd7453aceafe273d7318e7e6bc08223b674ac05be54a9698727f1
EXPORTER_SECRET a07d93c49b866ed18db3307a6e46e324da173fa31f0b4e1baba796abe2a8ebdb 520c15ff575794a5cbdc2fd143a90c3d1aa7d9916307646e0a5cd6464c1cbc42
CLIENT_RANDOM 4f4ff8a48209277168a0b405234984a1b23d1a8d7d14a3c42beee9828a7a28ab fef31b5139854d0571dcd0cf3fc7940685e5ba3fd2bdb1eb65bb7b317aaa6900b2859acca99992fa4c132635f0d2e4e7
CLIENT_RANDOM e459de19e5b0147d29f075e733c24983ca13c6529914151712d14ad74111f549 52d57fb7784736ed5918c94f4cbdbee9689c78b8753f546140aaba9b8f6416933fb16fb82020225f3a03830781dcdc37
CLIENT_RANDOM 36ab44d8c54beb2e69c87122932e57dba2243e277811d9a0f355c763fce73bbf bac07e0c6569234d4c43f4fb10a9801126cf1e2c93a6f5abb6e678d961b31d7145aed5cc316ccdb206d0c06aba2b261c
CLIENT_RANDOM fe7cfed757390db537f90313d67da49f79afe61d80e25324f3e9b1392a154d5e aec631a09edbac70824a3ecc605f82df7531ce63587eaf0057b2786dd09b11ef0d10ecbcda9d48dd6ea97cb88f8a468f
CLIENT_RANDOM 3d356c50cbe9046f43742bbf89159a2e2209156a5b241eb8e78bbe59844eab46 2d6781ba0a5a6384f40cbaed0392bec5cfed7b0478a37fb4d340b73804a6fc7556ef3deae8a9ff1f8ab4a38d966d338a
CLIENT_HANDSHAKE_TRAFFIC_SECRET ce037206a7997f593f67c79eefe957d35e5383c120c07874a41d42ccadd16929 52dff6bd6c7caadd4ac8baaa0931f1a326917794696d4c00016136122e67956007e888a2c6e5dc277b97a21692053445
SERVER_HANDSHAKE_TRAFFIC_SECRET ce037206a7997f593f67c79eefe957d35e5383c120c07874a41d42ccadd16929 2761e80a4c8a26a290833fe8b8e7a71c702c63a71ef1d6a9e2937ebe72e204ed0b1aa83e2f2e1b2b82a15c6050b07b24
CLIENT_TRAFFIC_SECRET_0 ce037206a7997f593f67c79eefe957d35e5383c120c07874a41d42ccadd16929 9df77aa111ade256030074a424f41c695e4d6c2b5e1161594461204b9c64bd217ed18e4a9b49f5be264ceade397415ce
SERVER_TRAFFIC_SECRET_0 ce037206a7997f593f67c79eefe957d35e5383c120c07874a41d42ccadd16929 7663f137e1b2b5141a377f2f369f52a458c8d287d4beb1a25428c070bffd8c28a7b473f988e49398d476bf6e12737e1f
EXPORTER_SECRET ce037206a7997f593f67c79eefe957d35e5383c120c07874a41d42ccadd16929 77392f9d9d6c81dcca20f3396c4eba6e200304983d2c4eb45f46e5cb8c8c7d55f00531969304416cc3aacdc26ccb20d7
CLIENT_RANDOM 68e710ae41ef4d515a9e6b07a3c20754814648177709342d23019f45686e7127 75ddcebb31bbef94303d60a1b57c9a532be28b15686eb3114fc93bd994666ae64a5b0ad79f5dd5fc0c2d5ffb24e9e882
SERVER_HANDSHAKE_TRAFFIC_SECRET b4d48c6de3edb5330ddac805afa7016457b5db1ba9a522b640c73d7e9df84e16 66308c61f61b0cf3633aac1f48512b5bfe29f680e912f2191d1e6f887f4968280fabda43ec95399458d05edb2ddef4af
EXPORTER_SECRET b4d48c6de3edb5330ddac805afa7016457b5db1ba9a522b640c73d7e9df84e16 4cc12e8cf4fbd6501e16e1ab7a2c698cebaf36798c31a1f8ea05b8d7d1b09e3d1319c6d87f42ad0dad2d5acf8dab787a
SERVER_TRAFFIC_SECRET_0 b4d48c6de3edb5330ddac805afa7016457b5db1ba9a522b640c73d7e9df84e16 7e88b92ba22135ee37c74843a7f23274d7851c60efdb1dd068e742d19a45ddc209b9d23de55d5135e7f4977df78756af
CLIENT_HANDSHAKE_TRAFFIC_SECRET b4d48c6de3edb5330ddac805afa7016457b5db1ba9a522b640c73d7e9df84e16 44d27f019b872a4a38e9678408156f0089f5ca5ff779223fb2be1ff382939a8e7053562db48edac68bf482395b29e9d7
CLIENT_TRAFFIC_SECRET_0 b4d48c6de3edb5330ddac805afa7016457b5db1ba9a522b640c73d7e9df84e16 6c1d1836864778c09ba68c36e775edad37af2c6735bc22cc23f6cd0d04b71e3b47751a9a6bfc9e5f4ac4bd9f0427ca9f
SERVER_HANDSHAKE_TRAFFIC_SECRET 3569347015cb95966779123db665317248e1d4fdc58bd123745efe5e120a9c43 ff3ff9bafcdc436d7afc3928520b47c06adc1486cf355b6554e24495d8330fada9c871424b9c97932937c202e42566fe
EXPORTER_SECRET 3569347015cb95966779123db665317248e1d4fdc58bd123745efe5e120a9c43 6abe98492c4694dbf8ca2b93c83da867bb649a915d1ce7d45378f4ce4f3ac0b81c04b471d04012d1be13f4decc1fbc8d
SERVER_TRAFFIC_SECRET_0 3569347015cb95966779123db665317248e1d4fdc58bd123745efe5e120a9c43 b6b9d5e8a0382ca569644813d2e90c74a0c8bb37ac347051b74f85cfba5a9a79b927a630a66bbbd949b353f63df83c34
CLIENT_HANDSHAKE_TRAFFIC_SECRET 3569347015cb95966779123db665317248e1d4fdc58bd123745efe5e120a9c43 5c4614f5a180cdc07f601c842dc70676ed813a4b420c5cd6b87acbee209dce22b7676d03dbe69fbf2128c7c3a988d5fe
CLIENT_TRAFFIC_SECRET_0 3569347015cb95966779123db665317248e1d4fdc58bd123745efe5e120a9c43 0ce385a3703e3a9dcc5b1712a661b3e469f49bc70067c0d1652b91f03b3603ed4266a534388deb4b0b220b80c269c102
CLIENT_RANDOM 3cfcdf5f60efcc3606ff10104986bf6e015c09d03d8efd98126f1dfece549d7b 2d6781ba0a5a6384f40cbaed0392bec5cfed7b0478a37fb4d340b73804a6fc7556ef3deae8a9ff1f8ab4a38d966d338a
CLIENT_RANDOM 68e710da3c8b718598d6c7ab7c525e051dedb47834bc43732a6606e2e770cc26 8e7a36ad2e5b5dcfbe9ccf6cc843726b72db291b4d2b39e256c88f1796fdaca73626478623f358357b8a89ef75271d9c
CLIENT_RANDOM d17446f65a1b40daa818f336657da446bbb5253426466a2023dd1bfc6de5dfba aab1296f008a6e1802524a2d488ffab15193ed52a0058015a6cbc6dc66a83349b0191fb80b1f9a85e1aeb6583c7298b4
CLIENT_RANDOM 4d279e8d6ef30364470eee4c99e7de55e8d49c25ca1d2667a88aa18a67d49b80 a491a3b19f7405c3e5078bf2050ade3897cecc5fb0c44d2d7e256370b4d8e793d83760949d4bf72b4cab4be988c10597
CLIENT_RANDOM 1fc76cf65d73ec5fc2474a4706b83d4fceb3525f01eaff2bc648c0a20778ef58 a5cafe479b14d305a9ae462902c0127ec5ec2d891185e28d17269c7ff6c67f7f9d72a3080ff02fb54061f892b258f404
CLIENT_RANDOM 0b989571a0f9f8a33ed85e9b3f3fe90dcfffd575710f528b83f654a32919f3e3 998e05d8715590d0cd3ddefacbccccdbe3e1265475fd954d329d06bb0f9de1a8198efd778fb66befa90caca8be26e00b
SERVER_HANDSHAKE_TRAFFIC_SECRET 3f373fb77b09af88a9765af11f0f0c3af04792a9329f05ee12551d333f8826a0 c4e106e68346159575d33422d376fe1a4c42eddc6b95ede62a233f63b3b0f6890a609a1c33e65b9f79eb394bc27d847e
EXPORTER_SECRET 3f373fb77b09af88a9765af11f0f0c3af04792a9329f05ee12551d333f8826a0 dc89e3f1e98074b8356b4438f67563f56ad1ef969df5eb457a3d386a6e3336013d5c4a4edef55e1926a7ff810b05fc8c
SERVER_TRAFFIC_SECRET_0 3f373fb77b09af88a9765af11f0f0c3af04792a9329f05ee12551d333f8826a0 8a7fc53981a8bc777940f9e8eb41e5c27c0ecbe58e3a074805e2e21b81b4648ae38fbb3d194ff07affb98de310935ed0
CLIENT_HANDSHAKE_TRAFFIC_SECRET 3f373fb77b09af88a9765af11f0f0c3af04792a9329f05ee12551d333f8826a0 49153d3cfd6086fb33cb727afd1cc7613c5521ab4626d9d8e36d7b9ebfc9dd90724611858127447b968fc0e75d78dc96
CLIENT_TRAFFIC_SECRET_0 3f373fb77b09af88a9765af11f0f0c3af04792a9329f05ee12551d333f8826a0 85592e29808537ff3c970dc2c1451de3d5c08ff98785665b418945d7e6f95c260af242d43ec44dc47d2f281999e5487d
