
Start-Date: 2026-04-16  05:25:24
Commandline: apt-get -y dist-upgrade
Upgrade: openssl-provider-legacy:amd64 (3.5.5-1~deb13u1, 3.5.5-1~deb13u2), libssl3t64:amd64 (3.5.5-1~deb13u1, 3.5.5-1~deb13u2)
End-Date: 2026-04-16  05:25:25

Start-Date: 2026-04-16  05:25:28
Commandline: apt-get -y install dialog init iproute2 iputils-ping locales netbase net-tools openssh-client procps sudo udev vim isc-dhcp-client dbus systemd-resolved polkitd pkexec
Install: libkeyutils1:amd64 (1.6.3-6, automatic), libxtables12:amd64 (1.8.11-2, automatic), libpolkit-agent-1-0:amd64 (126-2, automatic), libdialog15:amd64 (1.3-20250116-1, automatic), udev:amd64 (257.9-1~deb13u1), krb5-locales:amd64 (1.21.3-5, automatic), libffi8:amd64 (3.4.8-2, automatic), libgssapi-krb5-2:amd64 (1.21.3-5, automatic), netbase:amd64 (6.5), openssh-client:amd64 (1:10.0p1-7+deb13u2), iputils-ping:amd64 (3:20240905-3), dbus-user-session:amd64 (1.16.2-2, automatic), dialog:amd64 (1.3-20250116-1), libtirpc3t64:amd64 (1.3.6+ds-1, automatic), polkitd:amd64 (126-2), libtirpc-common:amd64 (1.3.6+ds-1, automatic), libunistring5:amd64 (1.3-2, automatic), libidn2-0:amd64 (2.3.8-2, automatic), libpam-systemd:amd64 (257.9-1~deb13u1, automatic), sgml-base:amd64 (1.31+nmu1, automatic), libcap2-bin:amd64 (1:2.75-10+b8, automatic), vim:amd64 (2:9.1.1230-2), xxd:amd64 (2:9.1.1230-2, automatic), libcbor0.10:amd64 (0.10.2-2, automatic), libxmuu1:amd64 (2:1.1.3-3+b4, automatic), libfido2-1:amd64 (1.15.0-1+b1, automatic), libgpm2:amd64 (1.20.7-11+b2, automatic), vim-common:amd64 (2:9.1.1230-2, automatic), libproc2-0:amd64 (2:4.0.4-9, automatic), libxau6:amd64 (1:1.0.11-1, automatic), libnss-systemd:amd64 (257.9-1~deb13u1, automatic), libxcb1:amd64 (1.17.0-2+b1, automatic), libkrb5support0:amd64 (1.21.3-5, automatic), libbpf1:amd64 (1:1.5.0-3, automatic), libmnl0:amd64 (1.0.5-3, automatic), libxml2:amd64 (2.12.7+dfsg+really2.9.14-2.1+deb13u2, automatic), libglib2.0-data:amd64 (2.84.4-3~deb13u2, automatic), psmisc:amd64 (23.7-2, automatic), shared-mime-info:amd64 (2.4-5+b2, automatic), isc-dhcp-common:amd64 (4.4.3-P1-8, automatic), libcom-err2:amd64 (1.47.2-3+b10, automatic), libx11-data:amd64 (2:1.8.12-1, automatic), libsodium23:amd64 (1.0.18-1+deb13u1, automatic), xdg-user-dirs:amd64 (0.18-2, automatic), locales:amd64 (2.41-12+deb13u2), libkrb5-3:amd64 (1.21.3-5, automatic), xauth:amd64 (1:1.1.2-1.1, automatic), isc-dhcp-client:amd64 (4.4.3-P1-8), net-tools:amd64 (2.10-1.3), libk5crypto3:amd64 (1.21.3-5, automatic), libpolkit-gobject-1-0:amd64 (126-2, automatic), linux-sysctl-defaults:amd64 (4.12.1, automatic), vim-runtime:amd64 (2:9.1.1230-2, automatic), procps:amd64 (2:4.0.4-9), libc-l10n:amd64 (2.41-12+deb13u2, automatic), sudo:amd64 (1.9.16p2-3+deb13u1), pkexec:amd64 (126-2), libkmod2:amd64 (34.2-2, automatic), libxext6:amd64 (2:1.3.4-1+b3, automatic), systemd-sysv:amd64 (257.9-1~deb13u1, automatic), libpam-cap:amd64 (1:2.75-10+b8, automatic), libduktape207:amd64 (2.7.0-2+b2, automatic), xml-core:amd64 (0.19, automatic), libncursesw6:amd64 (6.5+20250216-2, automatic), libx11-6:amd64 (2:1.8.12-1, automatic), init:amd64 (1.69~deb13u1), libelf1t64:amd64 (0.192-4, automatic), libedit2:amd64 (3.1-20250104-1, automatic), iproute2:amd64 (6.15.0-1), libxdmcp6:amd64 (1:1.1.5-1, automatic), libatomic1:amd64 (14.2.0-19, automatic), libglib2.0-0t64:amd64 (2.84.4-3~deb13u2, automatic)
End-Date: 2026-04-16  05:25:48

Start-Date: 2026-04-23  08:11:00
Commandline: apt-get install -y curl
Install: libnghttp2-14:amd64 (1.64.0-1.1, automatic), libldap2:amd64 (2.6.10+dfsg-1, automatic), libldap-common:amd64 (2.6.10+dfsg-1, automatic), libtasn1-6:amd64 (4.20.0-2, automatic), libpsl5t64:amd64 (0.21.2-1.1+b1, automatic), libsasl2-modules:amd64 (2.1.28+dfsg1-9, automatic), libsasl2-2:amd64 (2.1.28+dfsg1-9, automatic), libp11-kit0:amd64 (0.25.5-3, automatic), librtmp1:amd64 (2.4+20151223.gitfa8646d.1-2+b5, automatic), libsasl2-modules-db:amd64 (2.1.28+dfsg1-9, automatic), publicsuffix:amd64 (20250328.1952-0.1, automatic), libssh2-1t64:amd64 (1.11.1-1, automatic), libnghttp3-9:amd64 (1.8.0-1, automatic), libcurl4t64:amd64 (8.14.1-2+deb13u2, automatic), ca-certificates:amd64 (20250419, automatic), bash-completion:amd64 (1:2.16.0-7, automatic), libbrotli1:amd64 (1.1.0-2+b7, automatic), libgnutls30t64:amd64 (3.8.9-3+deb13u2, automatic), curl:amd64 (8.14.1-2+deb13u2), openssl:amd64 (3.5.5-1~deb13u2, automatic)
End-Date: 2026-04-23  08:11:16

Start-Date: 2026-04-23  16:19:27
Commandline: apt install git
Requested-By: ztz (501)
Install: libperl5.40:amd64 (5.40.1-6, automatic), libngtcp2-16:amd64 (1.11.0-1+deb13u1, automatic), libngtcp2-crypto-gnutls8:amd64 (1.11.0-1+deb13u1, automatic), libgdbm-compat4t64:amd64 (1.24-2, automatic), git:amd64 (1:2.47.3-0+deb13u1), perl:amd64 (5.40.1-6, automatic), patch:amd64 (2.8-2, automatic), libgdbm6t64:amd64 (1.24-2, automatic), less:amd64 (668-1, automatic), libcurl3t64-gnutls:amd64 (8.14.1-2+deb13u2, automatic), liberror-perl:amd64 (0.17030-1, automatic), perl-modules-5.40:amd64 (5.40.1-6, automatic), git-man:amd64 (1:2.47.3-0+deb13u1, automatic)
End-Date: 2026-04-23  16:19:31

Start-Date: 2026-04-23  16:23:57
Commandline: apt install nano
Requested-By: ztz (501)
Install: nano:amd64 (8.4-1)
End-Date: 2026-04-23  16:23:57

Start-Date: 2026-04-23  16:36:28
Commandline: apt install build-essential
Requested-By: ztz (501)
Install: libalgorithm-merge-perl:amd64 (0.08-5, automatic), libgomp1:amd64 (14.2.0-19, automatic), manpages-dev:amd64 (6.9.1-1, automatic), libgcc-14-dev:amd64 (14.2.0-19, automatic), libstdc++-14-dev:amd64 (14.2.0-19, automatic), g++-14:amd64 (14.2.0-19, automatic), gcc-14:amd64 (14.2.0-19, automatic), build-essential:amd64 (12.12), libctf-nobfd0:amd64 (2.44-3, automatic), gcc-x86-64-linux-gnu:amd64 (4:14.2.0-1, automatic), libtsan2:amd64 (14.2.0-19, automatic), cpp:amd64 (4:14.2.0-1, automatic), g++:amd64 (4:14.2.0-1, automatic), gcc:amd64 (4:14.2.0-1, automatic), g++-14-x86-64-linux-gnu:amd64 (14.2.0-19, automatic), libhwasan0:amd64 (14.2.0-19, automatic), libalgorithm-diff-perl:amd64 (1.201-1, automatic), libbinutils:amd64 (2.44-3, automatic), libfakeroot:amd64 (1.37.1.1-1, automatic), cpp-x86-64-linux-gnu:amd64 (4:14.2.0-1, automatic), libjansson4:amd64 (2.14-2+b3, automatic), binutils-x86-64-linux-gnu:amd64 (2.44-3, automatic), bzip2:amd64 (1.0.8-6, automatic), gcc-14-x86-64-linux-gnu:amd64 (14.2.0-19, automatic), libmpfr6:amd64 (4.2.2-1, automatic), g++-x86-64-linux-gnu:amd64 (4:14.2.0-1, automatic), libcc1-0:amd64 (14.2.0-19, automatic), libmpc3:amd64 (1.3.1-1+b3, automatic), xz-utils:amd64 (5.8.1-1, automatic), liblocale-gettext-perl:amd64 (1.07-7+b1, automatic), libfile-fcntllock-perl:amd64 (0.22-4+b4, automatic), dpkg-dev:amd64 (1.22.22, automatic), libasan8:amd64 (14.2.0-19, automatic), rpcsvc-proto:amd64 (1.4.3-1, automatic), manpages:amd64 (6.9.1-1, automatic), make:amd64 (4.4.1-2, automatic), libctf0:amd64 (2.44-3, automatic), libcrypt-dev:amd64 (1:4.4.38-1, automatic), cpp-14:amd64 (14.2.0-19, automatic), binutils-common:amd64 (2.44-3, automatic), libitm1:amd64 (14.2.0-19, automatic), libdpkg-perl:amd64 (1.22.22, automatic), libc-dev-bin:amd64 (2.41-12+deb13u2, automatic), libsframe1:amd64 (2.44-3, automatic), cpp-14-x86-64-linux-gnu:amd64 (14.2.0-19, automatic), libgprofng0:amd64 (2.44-3, automatic), libisl23:amd64 (0.27-1, automatic), libc6-dev:amd64 (2.41-12+deb13u2, automatic), sq:amd64 (1.3.1-2+b2, automatic), libquadmath0:amd64 (14.2.0-19, automatic), libubsan1:amd64 (14.2.0-19, automatic), liblsan0:amd64 (14.2.0-19, automatic), libalgorithm-diff-xs-perl:amd64 (0.04-9, automatic), binutils:amd64 (2.44-3, automatic), fakeroot:amd64 (1.37.1.1-1, automatic), linux-libc-dev:amd64 (6.12.74-2, automatic)
End-Date: 2026-04-23  16:36:41
